2026-05-12 15:06:11, SELF, v:1, k:fup@poco, self:1, rate:66, study:148, friend:Monitora Hanna, concept:1
2026-05-12 15:06:28, MOVE, v:1, k:fup@fuga, mode:DOWN
2026-05-12 15:06:29, MOVE, v:1, k:fup@fuga, mode:PICK
2026-05-12 15:06:28, MOVE, v:1, k:fup@fuga, mode:EDIT
2026-05-12 15:06:28, MOVE, v:1, k:fup@fuga, mode:EDIT
2026-05-12 15:10:10, MOVE, v:1, k:fup@fuga, mode:EDIT
2026-05-12 15:12:37, EXEC, v:1, k:fup@fuga, mode:FULL, rate:0, size:18
2026-05-12 15:14:00, EXEC, v:1, k:fup@fuga, mode:FULL, rate:0, size:18
2026-05-12 15:14:54, EXEC, v:1, k:fup@fuga, mode:FULL, rate:100, size:18
2026-05-12 15:15:05, MOVE, v:1, k:fup@fuga, mode:EDIT
2026-05-12 15:14:54, MOVE, v:1, k:fup@fuga, mode:EDIT
2026-05-12 15:15:52, EXEC, v:1, k:fup@fuga, mode:FULL, rate:100, size:18
2026-05-12 15:15:59, EXEC, v:1, k:fup@fuga, mode:FREE
2026-05-12 15:17:39, MOVE, v:1, k:fup@fuga, mode:BACK
2026-05-12 15:18:46, SELF, v:1, k:fup@fuga, self:1, study:11, friend:Almoco em codigo
2026-05-12 15:19:12, SELF, v:1, k:fup@fuga, self:1, study:11, friend:Almoco em codigo
2026-05-12 15:19:32, MOVE, v:1, k:fup@fuga, mode:PICK
2026-05-12 15:19:34, EXEC, v:1, k:fup@fuga, mode:FULL, rate:100, size:18
2026-05-12 15:19:36, EXEC, v:1, k:fup@fuga, mode:FULL, rate:100
2026-05-12 15:19:36, MOVE, v:1, k:fup@fuga, mode:BACK
2026-05-12 15:20:13, MOVE, v:1, k:fup@vet_i, mode:PICK
2026-05-12 15:20:28, MOVE, v:1, k:fup@vet_i, mode:BACK
2026-05-12 15:20:32, MOVE, v:1, k:fup@vet_ii, mode:PICK
2026-05-12 15:21:28, EXEC, v:1, k:fup@vet_ii, mode:FULL, rate:100
2026-05-12 15:21:30, MOVE, v:1, k:fup@vet_ii, mode:BACK
2026-05-12 15:21:35, MOVE, v:1, k:fup@vet_ii, mode:PICK
2026-05-12 15:21:36, EXEC, v:1, k:fup@vet_ii, mode:FULL, rate:100
2026-05-12 15:21:38, EXEC, v:1, k:fup@vet_ii, mode:FULL, rate:100
2026-05-12 15:21:38, MOVE, v:1, k:fup@vet_ii, mode:BACK
2026-05-12 15:21:50, SELF, v:1, k:fup@vet_ii, self:1, rate:100, study:6
2026-05-12 15:21:52, MOVE, v:1, k:fup@vet_iii, mode:DOWN
2026-05-12 15:21:53, MOVE, v:1, k:fup@vet_iii, mode:PICK
2026-05-12 15:19:35, MOVE, v:1, k:fup@fuga, mode:EDIT
2026-05-12 15:21:38, MOVE, v:1, k:fup@vet_ii, mode:EDIT
2026-05-12 15:21:52, MOVE, v:1, k:fup@vet_iii, mode:EDIT
2026-05-12 15:21:52, MOVE, v:1, k:fup@vet_iii, mode:EDIT
2026-05-12 15:23:48, MOVE, v:1, k:fup@vet_iii, mode:EDIT
2026-05-12 15:26:10, EXEC, v:1, k:fup@vet_iii, mode:FULL, rate:0, size:12
2026-05-12 15:28:46, EXEC, v:1, k:fup@vet_iii, mode:FULL, rate:0, size:12
2026-05-12 15:28:55, MOVE, v:1, k:fup@vet_iii, mode:EDIT
2026-05-12 15:28:46, MOVE, v:1, k:fup@vet_iii, mode:EDIT
2026-05-12 15:28:56, EXEC, v:1, k:fup@vet_iii, mode:FULL, rate:0, size:12
2026-05-12 15:29:09, EXEC, v:1, k:fup@vet_iii, mode:FULL, rate:0, size:12
2026-05-12 15:29:23, EXEC, v:1, k:fup@vet_iii, mode:FULL, rate:0, size:12
2026-05-12 15:29:42, EXEC, v:1, k:fup@vet_iii, mode:FULL, rate:0, size:12
2026-05-12 15:31:01, EXEC, v:1, k:fup@vet_iii, mode:FULL, rate:0, size:13
2026-05-12 15:31:13, EXEC, v:1, k:fup@vet_iii, mode:FULL, rate:0, size:13
2026-05-12 15:32:21, EXEC, v:1, k:fup@vet_iii, mode:FULL, rate:0, size:17
2026-05-12 15:33:06, EXEC, v:1, k:fup@vet_iii, mode:FULL, rate:0, size:17
2026-05-12 15:33:22, EXEC, v:1, k:fup@vet_iii, mode:FULL, rate:75, size:17
2026-05-12 15:33:22, MOVE, v:1, k:fup@vet_iii, mode:EDIT
2026-05-12 15:33:21, MOVE, v:1, k:fup@vet_iii, mode:EDIT
2026-05-12 15:34:01, EXEC, v:1, k:fup@vet_iii, mode:FULL, rate:75, size:17
2026-05-12 15:34:07, EXEC, v:1, k:fup@vet_iii, mode:FULL, rate:25, size:17
2026-05-12 15:34:15, EXEC, v:1, k:fup@vet_iii, mode:FULL, rate:75, size:17
2026-05-12 15:36:28, EXEC, v:1, k:fup@vet_iii, mode:FULL, rate:25, size:17
2026-05-12 15:38:54, MOVE, v:1, k:fup@vet_iii, mode:EDIT
2026-05-12 15:36:28, MOVE, v:1, k:fup@vet_iii, mode:EDIT
2026-05-12 15:40:11, EXEC, v:1, k:fup@vet_iii, mode:FULL, rate:25, size:22
2026-05-12 15:40:31, EXEC, v:1, k:fup@vet_iii, mode:FULL, rate:100, size:22
2026-05-12 15:40:34, MOVE, v:1, k:fup@vet_iii, mode:BACK
2026-05-12 15:40:58, SELF, v:1, k:fup@vet_iii, self:1, rate:100, study:18, friend:Heitor
2026-05-12 15:41:15, MOVE, v:1, k:fup@apertada, mode:DOWN
2026-05-12 15:41:16, MOVE, v:1, k:fup@apertada, mode:PICK
2026-05-12 15:41:15, MOVE, v:1, k:fup@apertada, mode:EDIT
2026-05-12 15:41:15, MOVE, v:1, k:fup@apertada, mode:EDIT
2026-05-12 15:45:30, MOVE, v:1, k:fup@apertada, mode:EDIT
2026-05-12 15:51:51, MOVE, v:1, k:fup@apertada, mode:BACK
2026-05-12 16:06:23, MOVE, v:1, k:fup@fatores, mode:PICK
2026-05-12 16:08:12, MOVE, v:1, k:fup@fatores, mode:EDIT
2026-05-12 16:12:16, EXEC, v:1, k:fup@fatores, mode:FULL, rate:100, size:26
2026-05-12 16:13:30, MOVE, v:1, k:fup@fatores, mode:EDIT
2026-05-12 16:12:16, MOVE, v:1, k:fup@fatores, mode:EDIT
2026-05-12 16:16:16, MOVE, v:1, k:fup@fatores, mode:BACK
2026-05-12 16:16:39, SELF, v:1, k:fup@fatores, self:1, rate:100, study:14, concept:1
2026-05-12 16:17:04, MOVE, v:1, k:fup@spok, mode:PICK
2026-05-12 16:17:24, MOVE, v:1, k:fup@spok, mode:BACK
2026-05-12 16:17:35, MOVE, v:1, k:fup@poco, mode:PICK
2026-05-12 16:18:16, EXEC, v:1, k:fup@poco, mode:FULL, rate:66, size:38
2026-05-12 16:19:41, EXEC, v:1, k:fup@poco, mode:FULL, rate:33, size:34
2026-05-12 16:19:42, EXEC, v:1, k:fup@poco, mode:FULL, rate:33
2026-05-12 16:20:24, MOVE, v:1, k:fup@poco, mode:BACK
2026-05-12 16:20:26, MOVE, v:1, k:fup@poco, mode:PICK
2026-05-12 16:20:27, EXEC, v:1, k:fup@poco, mode:FULL, rate:66, size:36
2026-05-12 16:20:30, MOVE, v:1, k:fup@poco, mode:BACK
2026-05-12 16:20:46, MOVE, v:1, k:fup@castelos, mode:PICK
2026-05-12 16:20:15, MOVE, v:1, k:fup@poco, mode:EDIT
2026-05-12 16:20:27, MOVE, v:1, k:fup@poco, mode:EDIT
2026-05-12 16:24:05, EXEC, v:1, k:fup@castelos, mode:FULL, rate:0, size:9
2026-05-12 16:25:41, MOVE, v:1, k:fup@castelos, mode:BACK
2026-05-12 16:24:05, MOVE, v:1, k:fup@castelos, mode:EDIT
2026-05-12 16:26:36, MOVE, v:1, k:fup@dieta, mode:DOWN
2026-05-12 16:26:37, MOVE, v:1, k:fup@dieta, mode:PICK
2026-05-12 16:27:58, EXEC, v:1, k:fup@dieta, mode:FULL, rate:0, size:8
2026-05-12 16:29:07, MOVE, v:1, k:fup@dieta, mode:BACK
2026-05-12 16:29:23, MOVE, v:1, k:fup@vet_i, mode:PICK
2026-05-12 16:29:31, MOVE, v:1, k:fup@vet_i, mode:BACK
2026-05-12 16:29:36, MOVE, v:1, k:fup@dieta, mode:PICK
2026-05-12 16:26:36, MOVE, v:1, k:fup@dieta, mode:EDIT
2026-05-12 16:26:36, MOVE, v:1, k:fup@dieta, mode:EDIT
2026-05-12 16:31:30, MOVE, v:1, k:fup@dieta, mode:EDIT
2026-05-12 16:27:58, MOVE, v:1, k:fup@dieta, mode:EDIT
2026-05-12 16:32:01, MOVE, v:1, k:fup@dieta, mode:EDIT
2026-05-12 16:37:13, MOVE, v:1, k:fup@dieta, mode:BACK
2026-05-12 16:37:18, MOVE, v:1, k:fup@apertada, mode:PICK
2026-05-12 16:39:50, MOVE, v:1, k:fup@apertada, mode:BACK
2026-05-12 16:40:27, MOVE, v:1, k:fup@apertada, mode:PICK
2026-05-12 16:40:28, EXEC, v:1, k:fup@apertada, mode:FULL, size:13, fail:COMP
2026-05-12 16:40:29, EXEC, v:1, k:fup@apertada, mode:FULL, fail:COMP
2026-05-12 16:40:29, EXEC, v:1, k:fup@apertada, mode:FULL, fail:COMP
2026-05-12 16:39:24, MOVE, v:1, k:fup@apertada, mode:EDIT
2026-05-12 16:49:17, EXEC, v:1, k:fup@apertada, mode:FULL, rate:100, size:15
2026-05-12 16:51:29, MOVE, v:1, k:fup@apertada, mode:EDIT
2026-05-12 16:49:17, MOVE, v:1, k:fup@apertada, mode:EDIT
2026-05-12 16:53:09, MOVE, v:1, k:fup@apertada, mode:BACK
2026-05-12 16:53:30, SELF, v:1, k:fup@apertada, self:1, rate:100, study:26, friend:Adao Levi, concept:1
2026-05-12 16:53:34, MOVE, v:1, k:fup@dieta, mode:PICK
2026-05-12 16:53:35, EXEC, v:1, k:fup@dieta, mode:FULL, rate:0, size:12
2026-05-12 16:56:53, EXEC, v:1, k:fup@dieta, mode:FULL, rate:0, size:19
2026-05-12 16:57:00, EXEC, v:1, k:fup@dieta, mode:FULL, rate:100, size:19
2026-05-12 16:57:00, MOVE, v:1, k:fup@dieta, mode:EDIT
2026-05-12 16:58:13, MOVE, v:1, k:fup@dieta, mode:EDIT
2026-05-12 16:58:25, EXEC, v:1, k:fup@dieta, mode:FULL, rate:100, size:19
2026-05-12 16:58:26, MOVE, v:1, k:fup@dieta, mode:BACK
2026-05-12 16:58:38, SELF, v:1, k:fup@dieta, self:1, rate:100, study:15, concept:1
2026-05-12 16:58:55, MOVE, v:1, k:fup@patas, mode:DOWN
2026-05-12 16:58:56, MOVE, v:1, k:fup@patas, mode:PICK
2026-05-12 16:58:58, EXEC, v:1, k:fup@patas, mode:FULL, rate:0, size:5
2026-05-12 17:03:17, MOVE, v:1, k:fup@patas, mode:BACK
2026-05-12 16:59:08, MOVE, v:1, k:fup@patas, mode:EDIT
2026-05-12 16:58:55, MOVE, v:1, k:fup@patas, mode:EDIT
2026-05-12 16:58:58, MOVE, v:1, k:fup@patas, mode:EDIT
2026-05-12 17:02:27, MOVE, v:1, k:fup@patas, mode:EDIT
