2026-06-03 15:28:35, MOVE, v:1, k:fup@batraquios, mode:DOWN
2026-06-03 15:28:37, MOVE, v:1, k:fup@batraquios, mode:PICK
2026-06-03 15:34:15, MOVE, v:1, k:fup@dindin, mode:PICK
2026-06-03 15:36:18, EXEC, v:1, k:fup@dindin, mode:FULL, rate:62, size:40
2026-06-03 15:36:40, EXEC, v:1, k:fup@dindin, mode:FULL, rate:62, size:40
2026-06-03 15:37:09, MOVE, v:1, k:fup@dindin, mode:PICK
2026-06-03 15:37:51, EXEC, v:1, k:fup@dindin, mode:FULL, rate:100, size:41
2026-06-03 15:40:35, MOVE, v:1, k:fup@dindin, mode:BACK
2026-06-03 15:41:06, SELF, v:1, k:fup@dindin, self:1, rate:100, study:80, friend:Levi, concept:1
2026-06-03 15:41:18, MOVE, v:1, k:fup@apertada, mode:PICK
2026-06-03 15:41:19, EXEC, v:1, k:fup@apertada, mode:FULL, rate:100
2026-06-03 15:41:30, MOVE, v:1, k:fup@apertada, mode:BACK
2026-06-03 15:41:33, MOVE, v:1, k:fup@batraquios, mode:PICK
2026-06-03 15:41:34, EXEC, v:1, k:fup@batraquios, mode:FULL, rate:0, size:5
2026-06-03 15:40:28, MOVE, v:1, k:fup@dindin, mode:EDIT
2026-06-03 15:37:51, MOVE, v:1, k:fup@dindin, mode:EDIT
2026-06-03 15:41:19, MOVE, v:1, k:fup@apertada, mode:EDIT
2026-06-03 15:41:34, MOVE, v:1, k:fup@batraquios, mode:EDIT
2026-06-03 15:46:41, MOVE, v:1, k:fup@batraquios, mode:EDIT
2026-06-03 15:52:06, EXEC, v:1, k:fup@batraquios, mode:FULL, rate:0, size:18
2026-06-03 15:52:05, MOVE, v:1, k:fup@batraquios, mode:EDIT
2026-06-03 15:52:06, MOVE, v:1, k:fup@batraquios, mode:EDIT
2026-06-03 15:56:56, MOVE, v:1, k:fup@batraquios, mode:EDIT
2026-06-03 15:57:53, EXEC, v:1, k:fup@batraquios, mode:FULL, rate:0, size:41
2026-06-03 15:58:24, EXEC, v:1, k:fup@batraquios, mode:FULL, rate:0, size:41
2026-06-03 16:02:15, MOVE, v:1, k:fup@batraquios, mode:PICK
2026-06-03 16:02:16, EXEC, v:1, k:fup@batraquios, mode:FULL, rate:57, size:34
2026-06-03 16:02:28, EXEC, v:1, k:fup@batraquios, mode:FULL, rate:100, size:35
2026-06-03 16:02:28, MOVE, v:1, k:fup@batraquios, mode:EDIT
2026-06-03 16:07:13, MOVE, v:1, k:fup@batraquios, mode:EDIT
2026-06-03 16:09:07, MOVE, v:1, k:fup@batraquios, mode:BACK
2026-06-03 16:09:23, MOVE, v:1, k:fup@batraquios, mode:PICK
2026-06-03 16:09:24, MOVE, v:1, k:fup@batraquios, mode:BACK
2026-06-03 16:09:45, SELF, v:1, k:fup@batraquios, self:1, rate:100, study:27, friend:Almoco em codigo, concept:1
2026-06-03 16:13:14, MOVE, v:1, k:fup@invertendo, mode:DOWN
2026-06-03 16:13:16, MOVE, v:1, k:fup@invertendo, mode:PICK
2026-06-03 16:13:24, EXEC, v:1, k:fup@invertendo, mode:FULL, rate:0, size:5
2026-06-03 16:13:14, MOVE, v:1, k:fup@invertendo, mode:EDIT
2026-06-03 16:13:14, MOVE, v:1, k:fup@invertendo, mode:EDIT
2026-06-03 16:13:24, MOVE, v:1, k:fup@invertendo, mode:EDIT
2026-06-03 16:13:36, MOVE, v:1, k:fup@invertendo, mode:EDIT
2026-06-03 16:16:39, EXEC, v:1, k:fup@invertendo, mode:FULL, rate:0, size:13
2026-06-03 16:16:57, EXEC, v:1, k:fup@invertendo, mode:FULL, rate:0, size:12
2026-06-03 16:17:07, EXEC, v:1, k:fup@invertendo, mode:FULL, rate:0, size:12
2026-06-03 16:17:14, EXEC, v:1, k:fup@invertendo, mode:FULL, size:12, fail:COMP
2026-06-03 16:17:16, EXEC, v:1, k:fup@invertendo, mode:FULL, size:12, fail:COMP
2026-06-03 16:17:24, EXEC, v:1, k:fup@invertendo, mode:FULL, rate:0, size:12
2026-06-03 16:19:19, MOVE, v:1, k:fup@invertendo, mode:EDIT
2026-06-03 16:17:24, MOVE, v:1, k:fup@invertendo, mode:EDIT
2026-06-03 16:21:56, EXEC, v:1, k:fup@invertendo, mode:FULL, rate:0, size:15
2026-06-03 16:24:07, MOVE, v:1, k:fup@invertendo, mode:EDIT
2026-06-03 16:21:56, MOVE, v:1, k:fup@invertendo, mode:EDIT
2026-06-03 16:27:23, EXEC, v:1, k:fup@invertendo, mode:FULL, rate:0, size:19
2026-06-03 16:28:36, MOVE, v:1, k:fup@invertendo, mode:BACK
2026-06-03 16:28:45, MOVE, v:1, k:fup@vet_iii, mode:PICK
2026-06-03 16:28:46, EXEC, v:1, k:fup@vet_iii, mode:FULL, rate:100
2026-06-03 16:28:50, EXEC, v:1, k:fup@vet_iii, mode:FREE
2026-06-03 16:29:06, MOVE, v:1, k:fup@vet_iii, mode:BACK
2026-06-03 16:27:23, MOVE, v:1, k:fup@invertendo, mode:EDIT
2026-06-03 16:27:23, MOVE, v:1, k:fup@invertendo, mode:EDIT
2026-06-03 16:28:50, MOVE, v:1, k:fup@vet_iii, mode:EDIT
2026-06-03 16:29:23, MOVE, v:1, k:fup@invertendo, mode:PICK
2026-06-03 16:29:24, EXEC, v:1, k:fup@invertendo, mode:FULL, rate:0
2026-06-03 16:30:18, MOVE, v:1, k:fup@invertendo, mode:BACK
2026-06-03 16:30:19, MOVE, v:1, k:fup@invertendo, mode:PICK
2026-06-03 16:30:51, EXEC, v:1, k:fup@invertendo, mode:FULL, rate:0
2026-06-03 16:31:12, MOVE, v:1, k:fup@invertendo, mode:PICK
2026-06-03 16:31:13, EXEC, v:1, k:fup@invertendo, mode:FULL, rate:0
2026-06-03 16:33:15, EXEC, v:1, k:fup@invertendo, mode:FULL, rate:0, size:23
2026-06-03 16:34:07, EXEC, v:1, k:fup@invertendo, mode:FULL, rate:0, size:24
2026-06-03 16:34:27, EXEC, v:1, k:fup@invertendo, mode:FULL, rate:100, size:25
2026-06-03 16:34:27, MOVE, v:1, k:fup@invertendo, mode:EDIT
2026-06-03 16:36:08, MOVE, v:1, k:fup@invertendo, mode:EDIT
2026-06-03 16:40:15, MOVE, v:1, k:fup@invertendo, mode:EDIT
2026-06-03 16:42:39, MOVE, v:1, k:fup@invertendo, mode:BACK
2026-06-03 16:43:02, SELF, v:1, k:fup@invertendo, self:1, rate:100, study:28, friend:David, concept:1
2026-06-03 16:43:38, MOVE, v:1, k:fup@repetidos, mode:PICK
2026-06-03 16:43:39, EXEC, v:1, k:fup@repetidos, mode:FULL, rate:33
2026-06-03 16:46:01, MOVE, v:1, k:fup@repetidos, mode:BACK
2026-06-03 16:46:08, MOVE, v:1, k:fup@batraquios, mode:PICK
2026-06-03 16:46:09, EXEC, v:1, k:fup@batraquios, mode:FULL, rate:100, size:35
2026-06-03 16:46:16, MOVE, v:1, k:fup@batraquios, mode:BACK
2026-06-03 16:46:24, MOVE, v:1, k:fup@repetidos, mode:PICK
2026-06-03 16:43:39, MOVE, v:1, k:fup@repetidos, mode:EDIT
2026-06-03 16:45:41, MOVE, v:1, k:fup@repetidos, mode:EDIT
2026-06-03 16:46:09, MOVE, v:1, k:fup@batraquios, mode:EDIT
2026-06-03 16:49:35, EXEC, v:1, k:fup@repetidos, mode:FULL, rate:100, size:19
2026-06-03 16:49:38, EXEC, v:1, k:fup@repetidos, mode:FULL, rate:100
2026-06-03 16:51:06, MOVE, v:1, k:fup@repetidos, mode:BACK
2026-06-03 16:51:22, SELF, v:1, k:fup@repetidos, self:1, rate:100, study:17, concept:1
2026-06-03 16:51:55, MOVE, v:1, k:fup@tazos, mode:DOWN
2026-06-03 16:51:58, MOVE, v:1, k:fup@tazos, mode:PICK
2026-06-03 16:51:55, MOVE, v:1, k:fup@tazos, mode:EDIT
2026-06-03 16:51:55, MOVE, v:1, k:fup@tazos, mode:EDIT
2026-06-03 16:58:29, MOVE, v:1, k:fup@tazos, mode:BACK
2026-06-03 16:58:52, MOVE, v:1, k:fup@casamento, mode:DOWN
2026-06-03 16:58:53, MOVE, v:1, k:fup@casamento, mode:PICK
2026-06-03 16:58:27, MOVE, v:1, k:fup@tazos, mode:EDIT
2026-06-03 16:58:53, MOVE, v:1, k:fup@tazos, mode:EDIT
2026-06-03 16:58:52, MOVE, v:1, k:fup@casamento, mode:EDIT
2026-06-03 16:58:52, MOVE, v:1, k:fup@casamento, mode:EDIT
2026-06-03 17:01:09, MOVE, v:1, k:fup@casamento, mode:EDIT
2026-06-03 17:01:19, EXEC, v:1, k:fup@casamento, mode:FULL, size:9, fail:COMP
2026-06-03 17:01:29, EXEC, v:1, k:fup@casamento, mode:FULL, size:9, fail:COMP
2026-06-03 17:01:38, EXEC, v:1, k:fup@casamento, mode:FULL, size:9, fail:COMP
2026-06-03 17:01:44, EXEC, v:1, k:fup@casamento, mode:FULL, rate:0, size:9
2026-06-03 17:06:03, EXEC, v:1, k:fup@casamento, mode:FULL, rate:0, size:13
2026-06-03 17:06:12, MOVE, v:1, k:fup@casamento, mode:EDIT
2026-06-03 17:06:03, MOVE, v:1, k:fup@casamento, mode:EDIT
2026-06-03 17:06:21, EXEC, v:1, k:fup@casamento, mode:FULL, rate:0, size:13
2026-06-03 17:06:36, EXEC, v:1, k:fup@casamento, mode:FULL, rate:0, size:13
2026-06-03 17:06:35, MOVE, v:1, k:fup@casamento, mode:EDIT
2026-06-03 17:06:36, MOVE, v:1, k:fup@casamento, mode:EDIT
2026-06-03 17:14:28, EXEC, v:1, k:fup@casamento, mode:FULL, rate:0, size:15
2026-06-03 17:14:39, EXEC, v:1, k:fup@casamento, mode:FULL, rate:0, size:15
2026-06-03 17:14:50, EXEC, v:1, k:fup@casamento, mode:FULL, rate:0, size:15
2026-06-03 17:15:16, EXEC, v:1, k:fup@casamento, mode:FULL, rate:0, size:15
2026-06-03 17:15:31, EXEC, v:1, k:fup@casamento, mode:FULL, rate:0
2026-06-03 17:15:33, EXEC, v:1, k:fup@casamento, mode:FULL, rate:0
2026-06-03 17:15:35, EXEC, v:1, k:fup@casamento, mode:FULL, rate:0
2026-06-03 17:15:54, EXEC, v:1, k:fup@casamento, mode:FULL, rate:0, size:15
2026-06-03 17:15:54, MOVE, v:1, k:fup@casamento, mode:EDIT
2026-06-03 17:15:54, MOVE, v:1, k:fup@casamento, mode:EDIT
2026-06-03 17:17:06, MOVE, v:1, k:fup@casamento, mode:BACK
2026-06-03 17:17:20, MOVE, v:1, k:fup@palindromo, mode:DOWN
2026-06-03 17:17:21, MOVE, v:1, k:fup@palindromo, mode:PICK
2026-06-03 17:18:20, EXEC, v:1, k:fup@palindromo, mode:FULL, rate:0, size:5
2026-06-03 17:18:31, MOVE, v:1, k:fup@palindromo, mode:BACK
2026-06-03 17:18:52, MOVE, v:1, k:fup@fila, mode:DOWN
2026-06-03 17:18:53, MOVE, v:1, k:fup@fila, mode:PICK
2026-06-03 17:18:54, EXEC, v:1, k:fup@fila, mode:FULL, rate:0, size:5
2026-06-03 17:17:19, MOVE, v:1, k:fup@palindromo, mode:EDIT
2026-06-03 17:17:20, MOVE, v:1, k:fup@palindromo, mode:EDIT
2026-06-03 17:17:20, MOVE, v:1, k:fup@palindromo, mode:EDIT
2026-06-03 17:18:20, MOVE, v:1, k:fup@palindromo, mode:EDIT
2026-06-03 17:18:52, MOVE, v:1, k:fup@fila, mode:EDIT
2026-06-03 17:18:52, MOVE, v:1, k:fup@fila, mode:EDIT
2026-06-03 17:20:51, MOVE, v:1, k:fup@fila, mode:EDIT
2026-06-03 17:18:54, MOVE, v:1, k:fup@fila, mode:EDIT
2026-06-03 17:22:08, MOVE, v:1, k:fup@fila, mode:BACK
2026-06-03 17:22:32, MOVE, v:1, k:fup@fila, mode:PICK
2026-06-03 17:22:34, EXEC, v:1, k:fup@fila, mode:FULL, rate:0, size:13
2026-06-03 17:22:33, MOVE, v:1, k:fup@fila, mode:EDIT
2026-06-03 17:25:56, MOVE, v:1, k:fup@fila, mode:EDIT
2026-06-03 17:29:10, EXEC, v:1, k:fup@fila, mode:FULL, rate:0, size:21
2026-06-03 17:29:31, EXEC, v:1, k:fup@fila, mode:FULL, rate:0, size:21
2026-06-03 17:29:53, MOVE, v:1, k:fup@fila, mode:EDIT
2026-06-03 17:29:30, MOVE, v:1, k:fup@fila, mode:EDIT
2026-06-03 17:32:09, EXEC, v:1, k:fup@fila, mode:FULL, rate:0, size:21
2026-06-03 17:32:27, EXEC, v:1, k:fup@fila, mode:FULL, rate:0
2026-06-03 17:33:50, MOVE, v:1, k:fup@fila, mode:PICK
2026-06-03 17:33:51, EXEC, v:1, k:fup@fila, mode:FULL, rate:0, size:21
2026-06-03 17:35:36, EXEC, v:1, k:fup@fila, mode:FULL, rate:0, size:21
2026-06-03 17:35:44, EXEC, v:1, k:fup@fila, mode:FULL, rate:0, size:21
2026-06-03 17:36:26, EXEC, v:1, k:fup@fila, mode:FULL, rate:0, size:21
2026-06-03 17:36:46, EXEC, v:1, k:fup@fila, mode:FULL, rate:0, size:21
2026-06-03 17:36:46, MOVE, v:1, k:fup@fila, mode:EDIT
2026-06-03 17:37:04, MOVE, v:1, k:fup@fila, mode:EDIT
2026-06-03 17:43:48, MOVE, v:1, k:fup@fila, mode:EDIT
2026-06-03 17:43:59, EXEC, v:1, k:fup@fila, mode:FULL, rate:0, size:18
2026-06-03 17:44:01, EXEC, v:1, k:fup@fila, mode:FULL, rate:0
2026-06-03 17:46:19, EXEC, v:1, k:fup@fila, mode:FULL, rate:0, size:17
2026-06-03 17:47:49, EXEC, v:1, k:fup@fila, mode:FULL, rate:0, size:17
2026-06-03 17:47:48, MOVE, v:1, k:fup@fila, mode:EDIT
2026-06-03 17:47:49, MOVE, v:1, k:fup@fila, mode:EDIT
2026-06-03 17:51:38, EXEC, v:1, k:fup@fila, mode:FULL, rate:0, size:25
2026-06-03 17:52:28, MOVE, v:1, k:fup@fila, mode:PICK
2026-06-03 17:53:04, MOVE, v:1, k:fup@fila, mode:BACK
