2026-06-30 11:51:56, MOVE, v:1, k:fup@substring, mode:PICK
2026-06-30 11:52:04, EXEC, v:1, k:fup@substring, mode:FULL, rate:0
2026-06-30 11:53:56, EXEC, v:1, k:fup@substring, mode:FULL, rate:0
2026-06-30 11:53:56, MOVE, v:1, k:fup@substring, mode:EDIT
2026-06-30 11:55:48, MOVE, v:1, k:fup@substring, mode:EDIT
2026-06-30 11:56:44, EXEC, v:1, k:fup@substring, mode:FULL, rate:0, size:25
2026-06-30 11:56:48, EXEC, v:1, k:fup@substring, mode:FULL, rate:0
2026-06-30 11:57:07, MOVE, v:1, k:fup@substring, mode:PICK
2026-06-30 11:57:08, EXEC, v:1, k:fup@substring, mode:FULL, rate:0
2026-06-30 11:58:05, EXEC, v:1, k:fup@substring, mode:FULL, rate:0, size:27
2026-06-30 11:58:06, EXEC, v:1, k:fup@substring, mode:FULL, rate:0
2026-06-30 11:59:12, EXEC, v:1, k:fup@substring, mode:FULL, rate:0, size:28
2026-06-30 11:59:15, EXEC, v:1, k:fup@substring, mode:FULL, rate:0
2026-06-30 12:00:24, MOVE, v:1, k:fup@substring, mode:BACK
2026-06-30 12:00:32, MOVE, v:1, k:fup@gritando, mode:PICK
2026-06-30 12:00:33, EXEC, v:1, k:fup@gritando, mode:FULL, rate:0
2026-06-30 11:59:14, MOVE, v:1, k:fup@substring, mode:EDIT
2026-06-30 11:59:07, MOVE, v:1, k:fup@substring, mode:EDIT
2026-06-30 12:00:33, MOVE, v:1, k:fup@gritando, mode:EDIT
2026-06-30 12:02:02, MOVE, v:1, k:fup@gritando, mode:EDIT
2026-06-30 12:03:27, EXEC, v:1, k:fup@gritando, mode:FULL, size:15, fail:COMP
2026-06-30 12:06:17, EXEC, v:1, k:fup@gritando, mode:FULL, rate:100, size:23
2026-06-30 12:06:20, EXEC, v:1, k:fup@gritando, mode:FULL, rate:100
2026-06-30 12:07:02, MOVE, v:1, k:fup@gritando, mode:EDIT
2026-06-30 12:06:20, MOVE, v:1, k:fup@gritando, mode:EDIT
2026-06-30 12:07:50, MOVE, v:1, k:fup@gritando, mode:BACK
2026-06-30 12:08:06, SELF, v:1, k:fup@gritando, self:1, rate:100, study:12, concept:1
2026-06-30 12:08:29, MOVE, v:1, k:fup@vcvcvc, mode:DOWN
2026-06-30 12:08:30, MOVE, v:1, k:fup@vcvcvc, mode:PICK
2026-06-30 12:08:31, EXEC, v:1, k:fup@vcvcvc, mode:FULL, rate:0, size:5
2026-06-30 12:10:08, MOVE, v:1, k:fup@vcvcvc, mode:BACK
2026-06-30 12:10:13, MOVE, v:1, k:fup@gritando, mode:PICK
2026-06-30 12:10:14, EXEC, v:1, k:fup@gritando, mode:FULL, rate:100, size:20
2026-06-30 12:10:26, MOVE, v:1, k:fup@gritando, mode:BACK
2026-06-30 12:10:30, MOVE, v:1, k:fup@fresco, mode:PICK
2026-06-30 12:10:30, EXEC, v:1, k:fup@fresco, mode:FULL, size:13, fail:COMP
2026-06-30 12:10:42, MOVE, v:1, k:fup@fresco, mode:BACK
2026-06-30 12:10:46, MOVE, v:1, k:fup@vcvcvc, mode:PICK
2026-06-30 12:10:47, EXEC, v:1, k:fup@vcvcvc, mode:FULL, size:10, fail:COMP
2026-06-30 12:08:29, MOVE, v:1, k:fup@vcvcvc, mode:EDIT
2026-06-30 12:08:31, MOVE, v:1, k:fup@vcvcvc, mode:EDIT
2026-06-30 12:12:56, MOVE, v:1, k:fup@vcvcvc, mode:EDIT
2026-06-30 12:10:14, MOVE, v:1, k:fup@gritando, mode:EDIT
2026-06-30 12:14:46, MOVE, v:1, k:fup@vcvcvc, mode:EDIT
2026-06-30 12:17:41, MOVE, v:1, k:fup@gritando, mode:EDIT
2026-06-30 12:18:59, MOVE, v:1, k:fup@gritando, mode:EDIT
2026-06-30 12:22:55, MOVE, v:1, k:fup@vcvcvc, mode:EDIT
2026-06-30 12:27:56, MOVE, v:1, k:fup@vcvcvc, mode:EDIT
2026-06-30 12:28:26, EXEC, v:1, k:fup@vcvcvc, mode:FULL, rate:0, size:27
2026-06-30 12:28:29, EXEC, v:1, k:fup@vcvcvc, mode:FULL, rate:0
2026-06-30 12:28:35, EXEC, v:1, k:fup@vcvcvc, mode:FULL, rate:0, size:27
2026-06-30 12:29:30, EXEC, v:1, k:fup@vcvcvc, mode:FULL, rate:0, size:29
2026-06-30 12:29:44, EXEC, v:1, k:fup@vcvcvc, mode:FULL, rate:100, size:30
2026-06-30 12:29:55, MOVE, v:1, k:fup@vcvcvc, mode:BACK
2026-06-30 12:30:24, SELF, v:1, k:fup@vcvcvc, self:1, rate:100, study:12, concept:1
2026-06-30 12:30:45, MOVE, v:1, k:fup@gamados, mode:DOWN
2026-06-30 12:30:46, MOVE, v:1, k:fup@gamados, mode:PICK
2026-06-30 12:31:32, EXEC, v:1, k:fup@gamados, mode:FULL, rate:0, size:5
2026-06-30 12:30:45, MOVE, v:1, k:fup@gamados, mode:EDIT
2026-06-30 12:31:32, MOVE, v:1, k:fup@gamados, mode:EDIT
2026-06-30 12:35:28, MOVE, v:1, k:fup@gamados, mode:EDIT
2026-06-30 12:35:33, EXEC, v:1, k:fup@gamados, mode:FULL, rate:14, size:19
2026-06-30 12:35:46, EXEC, v:1, k:fup@gamados, mode:FULL, rate:0, size:20
2026-06-30 12:35:47, EXEC, v:1, k:fup@gamados, mode:FULL, rate:0
2026-06-30 12:36:28, EXEC, v:1, k:fup@gamados, mode:FULL, rate:0, size:19
2026-06-30 12:36:54, EXEC, v:1, k:fup@gamados, mode:FULL, rate:42, size:19
2026-06-30 12:37:03, EXEC, v:1, k:fup@gamados, mode:FULL, rate:42, size:19
2026-06-30 12:37:15, EXEC, v:1, k:fup@gamados, mode:FULL, rate:0, size:18
2026-06-30 12:37:17, EXEC, v:1, k:fup@gamados, mode:FULL, rate:42
2026-06-30 12:37:28, EXEC, v:1, k:fup@gamados, mode:FULL, rate:42
2026-06-30 12:37:29, EXEC, v:1, k:fup@gamados, mode:FULL, rate:100, size:18
2026-06-30 12:38:05, MOVE, v:1, k:fup@gamados, mode:BACK
2026-06-30 12:38:20, SELF, v:1, k:fup@gamados, self:1, rate:100, study:7, concept:1
2026-06-30 12:44:29, MOVE, v:1, k:fup@valentina, mode:DOWN
2026-06-30 12:44:30, MOVE, v:1, k:fup@valentina, mode:PICK
2026-06-30 12:45:09, EXEC, v:1, k:fup@valentina, mode:FULL, rate:0, size:5
2026-06-30 12:45:28, MOVE, v:1, k:fup@valentina, mode:BACK
2026-06-30 12:46:01, MOVE, v:1, k:fup@leds, mode:PICK
2026-06-30 12:46:02, EXEC, v:1, k:fup@leds, mode:FULL, rate:0
2026-06-30 12:44:29, MOVE, v:1, k:fup@valentina, mode:EDIT
2026-06-30 12:45:09, MOVE, v:1, k:fup@valentina, mode:EDIT
2026-06-30 12:46:02, MOVE, v:1, k:fup@leds, mode:EDIT
2026-06-30 12:55:51, MOVE, v:1, k:fup@leds, mode:BACK
2026-06-30 14:49:37, MOVE, v:1, k:fup@traficantes, mode:DOWN
2026-06-30 14:49:37, MOVE, v:1, k:fup@traficantes, mode:PICK
2026-06-30 14:50:20, MOVE, v:1, k:fup@amora, mode:DOWN
2026-06-30 14:50:21, MOVE, v:1, k:fup@amora, mode:PICK
2026-06-30 14:50:20, MOVE, v:1, k:fup@amora, mode:EDIT
2026-06-30 14:50:20, MOVE, v:1, k:fup@amora, mode:EDIT
2026-06-30 14:57:07, MOVE, v:1, k:fup@amora, mode:BACK
2026-06-30 14:57:14, MOVE, v:1, k:fup@substring, mode:PICK
2026-06-30 14:57:15, EXEC, v:1, k:fup@substring, mode:FULL, rate:0
2026-06-30 14:57:37, EXEC, v:1, k:fup@substring, mode:FULL, rate:0, size:28
2026-06-30 14:57:50, EXEC, v:1, k:fup@substring, mode:FULL, rate:0, size:28
2026-06-30 14:57:56, EXEC, v:1, k:fup@substring, mode:FULL, rate:0, size:28
2026-06-30 14:58:02, EXEC, v:1, k:fup@substring, mode:FULL, rate:0, size:28
2026-06-30 14:57:01, MOVE, v:1, k:fup@amora, mode:EDIT
2026-06-30 14:58:02, MOVE, v:1, k:fup@substring, mode:EDIT
2026-06-30 14:58:02, MOVE, v:1, k:fup@substring, mode:EDIT
2026-06-30 15:01:18, MOVE, v:1, k:fup@substring, mode:BACK
2026-06-30 15:02:09, MOVE, v:1, k:fup@espacos, mode:DOWN
2026-06-30 15:02:10, MOVE, v:1, k:fup@espacos, mode:PICK
2026-06-30 15:02:09, MOVE, v:1, k:fup@espacos, mode:EDIT
2026-06-30 15:05:02, MOVE, v:1, k:fup@espacos, mode:EDIT
2026-06-30 15:08:55, EXEC, v:1, k:fup@espacos, mode:FULL, rate:100, size:12
2026-06-30 15:08:57, EXEC, v:1, k:fup@espacos, mode:FULL, rate:100
2026-06-30 15:09:05, MOVE, v:1, k:fup@espacos, mode:BACK
2026-06-30 15:09:19, SELF, v:1, k:fup@espacos, self:1, rate:100, study:6, concept:1
2026-06-30 15:09:30, MOVE, v:1, k:fup@substring, mode:PICK
2026-06-30 15:09:31, EXEC, v:1, k:fup@substring, mode:FULL, rate:0
2026-06-30 15:12:12, EXEC, v:1, k:fup@substring, mode:FULL, rate:0, size:28
2026-06-30 15:12:12, MOVE, v:1, k:fup@substring, mode:EDIT
2026-06-30 15:12:12, MOVE, v:1, k:fup@substring, mode:EDIT
2026-06-30 15:15:33, EXEC, v:1, k:fup@substring, mode:FULL, rate:0, size:23
2026-06-30 15:15:48, EXEC, v:1, k:fup@substring, mode:FULL, rate:71, size:24
2026-06-30 15:16:00, EXEC, v:1, k:fup@substring, mode:FULL, rate:0, size:24
2026-06-30 15:16:14, EXEC, v:1, k:fup@substring, mode:FULL, rate:71, size:24
2026-06-30 15:19:11, MOVE, v:1, k:fup@substring, mode:EDIT
2026-06-30 15:16:14, MOVE, v:1, k:fup@substring, mode:EDIT
2026-06-30 15:20:12, EXEC, v:1, k:fup@substring, mode:FULL, size:27, fail:COMP
2026-06-30 15:20:13, EXEC, v:1, k:fup@substring, mode:FULL, fail:COMP
2026-06-30 15:20:27, EXEC, v:1, k:fup@substring, mode:FULL, rate:71, size:26
2026-06-30 15:20:29, EXEC, v:1, k:fup@substring, mode:FULL, rate:71
2026-06-30 15:21:24, EXEC, v:1, k:fup@substring, mode:FULL, rate:71, size:26
2026-06-30 15:24:09, MOVE, v:1, k:fup@substring, mode:EDIT
2026-06-30 15:21:24, MOVE, v:1, k:fup@substring, mode:EDIT
2026-06-30 15:24:39, EXEC, v:1, k:fup@substring, mode:FULL, rate:0, size:28
2026-06-30 15:24:40, EXEC, v:1, k:fup@substring, mode:FULL, rate:0
2026-06-30 15:25:20, EXEC, v:1, k:fup@substring, mode:FULL, rate:0, size:28
2026-06-30 15:25:30, EXEC, v:1, k:fup@substring, mode:FULL, rate:0
2026-06-30 15:25:31, EXEC, v:1, k:fup@substring, mode:FULL, rate:0
2026-06-30 15:25:43, EXEC, v:1, k:fup@substring, mode:FULL, rate:0
2026-06-30 15:25:59, EXEC, v:1, k:fup@substring, mode:FULL, rate:0, size:28
2026-06-30 15:26:00, EXEC, v:1, k:fup@substring, mode:FULL, rate:0
2026-06-30 15:26:02, EXEC, v:1, k:fup@substring, mode:FULL, rate:0
2026-06-30 15:26:02, EXEC, v:1, k:fup@substring, mode:FULL, rate:0
2026-06-30 15:26:43, EXEC, v:1, k:fup@substring, mode:FULL, rate:0
2026-06-30 15:27:02, EXEC, v:1, k:fup@substring, mode:FULL, rate:71, size:26
2026-06-30 15:29:11, MOVE, v:1, k:fup@substring, mode:EDIT
2026-06-30 15:27:02, MOVE, v:1, k:fup@substring, mode:EDIT
2026-06-30 15:29:42, EXEC, v:1, k:fup@substring, mode:FULL, rate:71, size:25
2026-06-30 15:29:48, EXEC, v:1, k:fup@substring, mode:FULL, rate:71
2026-06-30 15:29:48, EXEC, v:1, k:fup@substring, mode:FULL, rate:71
2026-06-30 15:29:50, EXEC, v:1, k:fup@substring, mode:FULL, rate:71
2026-06-30 15:34:11, MOVE, v:1, k:fup@substring, mode:EDIT
2026-06-30 15:29:50, MOVE, v:1, k:fup@substring, mode:EDIT
2026-06-30 15:39:05, EXEC, v:1, k:fup@substring, mode:FULL, rate:0, size:28
2026-06-30 15:39:04, MOVE, v:1, k:fup@substring, mode:EDIT
2026-06-30 15:39:05, MOVE, v:1, k:fup@substring, mode:EDIT
2026-06-30 15:44:07, MOVE, v:1, k:fup@substring, mode:EDIT
2026-06-30 15:49:11, MOVE, v:1, k:fup@substring, mode:EDIT
2026-06-30 15:52:20, EXEC, v:1, k:fup@substring, mode:FULL, rate:0, size:35
2026-06-30 15:52:22, EXEC, v:1, k:fup@substring, mode:FULL, rate:0
2026-06-30 15:52:41, EXEC, v:1, k:fup@substring, mode:FULL, rate:100, size:35
2026-06-30 15:52:53, MOVE, v:1, k:fup@substring, mode:BACK
2026-06-30 15:53:17, SELF, v:1, k:fup@substring, self:1, rate:100, study:75, friend:Adao Levy, concept:1
2026-06-30 15:53:30, MOVE, v:1, k:fup@leds, mode:PICK
2026-06-30 15:53:31, EXEC, v:1, k:fup@leds, mode:FULL, rate:0
2026-06-30 15:54:01, MOVE, v:1, k:fup@leds, mode:BACK
2026-06-30 15:53:31, MOVE, v:1, k:fup@leds, mode:EDIT
2026-06-30 16:10:42, MOVE, v:1, k:fup@leds, mode:PICK
2026-06-30 16:10:45, EXEC, v:1, k:fup@leds, mode:FULL, rate:0
2026-06-30 16:10:45, MOVE, v:1, k:fup@leds, mode:EDIT
2026-06-30 16:17:56, MOVE, v:1, k:fup@leds, mode:EDIT
2026-06-30 16:19:01, EXEC, v:1, k:fup@leds, mode:FULL, rate:0, size:31
2026-06-30 16:20:09, EXEC, v:1, k:fup@leds, mode:FULL, rate:0, size:31
2026-06-30 16:20:31, EXEC, v:1, k:fup@leds, mode:FULL, rate:25, size:31
2026-06-30 16:20:58, EXEC, v:1, k:fup@leds, mode:FULL, rate:100, size:31
2026-06-30 16:21:40, MOVE, v:1, k:fup@leds, mode:EDIT
2026-06-30 16:20:58, MOVE, v:1, k:fup@leds, mode:EDIT
2026-06-30 16:23:11, MOVE, v:1, k:fup@leds, mode:BACK
2026-06-30 16:23:33, SELF, v:1, k:fup@leds, self:1, rate:100, study:30, concept:1
2026-06-30 16:23:43, SELF, v:1, k:fup@leds, self:1, rate:100, study:46, concept:1
2026-06-30 16:28:12, MOVE, v:1, k:fup@fresco, mode:PICK
2026-06-30 16:28:13, EXEC, v:1, k:fup@fresco, mode:FULL, fail:COMP
2026-06-30 16:30:44, EXEC, v:1, k:fup@fresco, mode:FULL, rate:0, size:13
2026-06-30 16:30:46, EXEC, v:1, k:fup@fresco, mode:FULL, rate:0
2026-06-30 16:31:23, MOVE, v:1, k:fup@fresco, mode:EDIT
2026-06-30 16:30:46, MOVE, v:1, k:fup@fresco, mode:EDIT
2026-06-30 16:39:36, MOVE, v:1, k:fup@fresco, mode:BACK
