2026-06-15 16:30:02, MOVE, v:1, k:fup@jedi, mode:PICK
2026-06-15 16:30:09, EXEC, v:1, k:fup@jedi, mode:FULL, rate:33
2026-06-15 16:30:59, EXEC, v:1, k:fup@jedi, mode:FULL, rate:100, size:29
2026-06-15 16:31:07, MOVE, v:1, k:fup@jedi, mode:BACK
2026-06-15 16:31:28, MOVE, v:1, k:fup@repetidos, mode:PICK
2026-06-15 16:31:29, EXEC, v:1, k:fup@repetidos, mode:FULL, rate:100
2026-06-15 16:30:59, MOVE, v:1, k:fup@jedi, mode:EDIT
2026-06-15 16:30:59, MOVE, v:1, k:fup@jedi, mode:EDIT
2026-06-15 16:31:29, MOVE, v:1, k:fup@repetidos, mode:EDIT
2026-06-15 16:33:22, MOVE, v:1, k:fup@repetidos, mode:BACK
2026-06-15 16:34:48, MOVE, v:1, k:fup@fila, mode:PICK
2026-06-15 16:34:49, EXEC, v:1, k:fup@fila, mode:FULL, rate:0
2026-06-15 16:35:16, EXEC, v:1, k:fup@fila, mode:FULL, rate:0, size:22
2026-06-15 16:35:45, EXEC, v:1, k:fup@fila, mode:FULL, rate:0, size:22
2026-06-15 16:36:16, EXEC, v:1, k:fup@fila, mode:FULL, rate:0, size:22
2026-06-15 16:36:16, MOVE, v:1, k:fup@fila, mode:EDIT
2026-06-15 16:37:56, MOVE, v:1, k:fup@fila, mode:EDIT
2026-06-15 16:40:03, EXEC, v:1, k:fup@fila, mode:FULL, rate:0, size:28
2026-06-15 16:40:15, EXEC, v:1, k:fup@fila, mode:FULL, rate:0, size:28
2026-06-15 16:40:35, EXEC, v:1, k:fup@fila, mode:FULL, rate:0, size:28
2026-06-15 16:41:50, EXEC, v:1, k:fup@fila, mode:FULL, rate:0, size:32
2026-06-15 16:42:15, EXEC, v:1, k:fup@fila, mode:FULL, rate:0, size:32
2026-06-15 16:42:46, EXEC, v:1, k:fup@fila, mode:FULL, rate:0, size:32
2026-06-15 16:42:46, MOVE, v:1, k:fup@fila, mode:EDIT
2026-06-15 16:42:46, MOVE, v:1, k:fup@fila, mode:EDIT
2026-06-15 16:43:01, EXEC, v:1, k:fup@fila, mode:FULL, rate:0, size:32
2026-06-15 16:43:23, MOVE, v:1, k:fup@fila, mode:PICK
2026-06-15 16:43:24, EXEC, v:1, k:fup@fila, mode:FULL, rate:0
2026-06-15 16:43:54, EXEC, v:1, k:fup@fila, mode:FULL, rate:0, size:32
2026-06-15 16:44:10, EXEC, v:1, k:fup@fila, mode:FULL, rate:0, size:32
2026-06-15 16:44:18, EXEC, v:1, k:fup@fila, mode:FULL, rate:0, size:32
2026-06-15 16:44:29, EXEC, v:1, k:fup@fila, mode:FULL, rate:50
2026-06-15 16:44:31, EXEC, v:1, k:fup@fila, mode:FULL, rate:50
2026-06-15 16:44:43, EXEC, v:1, k:fup@fila, mode:FULL, rate:50
2026-06-15 16:44:44, EXEC, v:1, k:fup@fila, mode:FULL, rate:0, size:32
2026-06-15 16:44:45, EXEC, v:1, k:fup@fila, mode:FULL, rate:0
2026-06-15 16:44:59, EXEC, v:1, k:fup@fila, mode:FULL, rate:50, size:33
2026-06-15 16:45:39, EXEC, v:1, k:fup@fila, mode:FULL, rate:0, size:33
2026-06-15 16:45:42, EXEC, v:1, k:fup@fila, mode:FULL, rate:0
2026-06-15 16:46:55, EXEC, v:1, k:fup@fila, mode:FULL, rate:50, size:32
2026-06-15 16:47:13, EXEC, v:1, k:fup@fila, mode:FULL, rate:50
2026-06-15 16:47:22, EXEC, v:1, k:fup@fila, mode:FULL, rate:50, size:32
2026-06-15 16:47:40, EXEC, v:1, k:fup@fila, mode:FULL, rate:50, size:32
2026-06-15 16:48:03, EXEC, v:1, k:fup@fila, mode:FULL, rate:50
2026-06-15 16:48:03, MOVE, v:1, k:fup@fila, mode:EDIT
2026-06-15 16:47:39, MOVE, v:1, k:fup@fila, mode:EDIT
2026-06-15 16:49:32, EXEC, v:1, k:fup@fila, mode:FULL, rate:50, size:32
2026-06-15 16:49:33, EXEC, v:1, k:fup@fila, mode:FULL, rate:100
2026-06-15 16:52:23, MOVE, v:1, k:fup@fila, mode:BACK
2026-06-15 16:52:34, MOVE, v:1, k:fup@fila, mode:PICK
2026-06-15 16:52:35, MOVE, v:1, k:fup@fila, mode:BACK
2026-06-15 16:52:50, SELF, v:1, k:fup@fila, self:1, rate:100, study:62, concept:1
2026-06-15 16:53:04, MOVE, v:1, k:fup@vet_iii, mode:PICK
2026-06-15 16:53:05, EXEC, v:1, k:fup@vet_iii, mode:FULL, rate:100
2026-06-15 16:53:07, MOVE, v:1, k:fup@vet_iii, mode:BACK
2026-06-15 16:53:05, MOVE, v:1, k:fup@vet_iii, mode:EDIT
2026-06-15 17:07:22, MOVE, v:1, k:fup@tazos, mode:PICK
2026-06-15 17:07:23, EXEC, v:1, k:fup@tazos, mode:FULL, rate:0
2026-06-15 17:07:23, MOVE, v:1, k:fup@tazos, mode:EDIT
2026-06-15 17:07:37, MOVE, v:1, k:fup@tazos, mode:BACK
2026-06-15 17:12:24, MOVE, v:1, k:fup@pedra, mode:DOWN
2026-06-15 17:12:25, MOVE, v:1, k:fup@pedra, mode:PICK
2026-06-15 17:12:26, EXEC, v:1, k:fup@pedra, mode:FULL, rate:0, size:5
2026-06-15 17:12:24, MOVE, v:1, k:fup@pedra, mode:EDIT
2026-06-15 17:12:24, MOVE, v:1, k:fup@pedra, mode:EDIT
2026-06-15 17:12:24, MOVE, v:1, k:fup@pedra, mode:EDIT
2026-06-15 17:12:26, MOVE, v:1, k:fup@pedra, mode:EDIT
2026-06-15 17:20:50, MOVE, v:1, k:fup@pedra, mode:BACK
2026-06-15 17:20:43, MOVE, v:1, k:fup@pedra, mode:EDIT
2026-06-15 17:27:03, MOVE, v:1, k:fup@dominos, mode:DOWN
2026-06-15 17:27:04, MOVE, v:1, k:fup@dominos, mode:PICK
2026-06-15 17:27:04, EXEC, v:1, k:fup@dominos, mode:FULL, rate:0, size:5
2026-06-15 17:27:03, MOVE, v:1, k:fup@dominos, mode:EDIT
2026-06-15 17:27:03, MOVE, v:1, k:fup@dominos, mode:EDIT
2026-06-15 17:27:03, MOVE, v:1, k:fup@dominos, mode:EDIT
2026-06-15 17:27:03, MOVE, v:1, k:fup@dominos, mode:EDIT
2026-06-15 17:27:03, MOVE, v:1, k:fup@dominos, mode:EDIT
2026-06-15 17:27:04, MOVE, v:1, k:fup@dominos, mode:EDIT
2026-06-15 17:28:41, MOVE, v:1, k:fup@dominos, mode:EDIT
2026-06-15 17:36:11, MOVE, v:1, k:fup@dominos, mode:BACK
