2026-06-01 16:50:23, MOVE, v:1, k:fup@dindin, mode:PICK
2026-06-01 16:50:26, EXEC, v:1, k:fup@dindin, mode:FULL, rate:0, size:5
2026-06-01 16:50:26, MOVE, v:1, k:fup@dindin, mode:EDIT
2026-06-01 16:54:41, MOVE, v:1, k:fup@dindin, mode:EDIT
2026-06-01 16:59:39, MOVE, v:1, k:fup@dindin, mode:EDIT
2026-06-01 17:01:17, EXEC, v:1, k:fup@dindin, mode:FULL, rate:50, size:38
2026-06-01 17:01:43, EXEC, v:1, k:fup@dindin, mode:FULL, rate:50, size:38
2026-06-01 17:02:12, EXEC, v:1, k:fup@dindin, mode:FULL, rate:50
2026-06-01 17:03:11, EXEC, v:1, k:fup@dindin, mode:FULL, size:38, fail:COMP
2026-06-01 17:03:12, EXEC, v:1, k:fup@dindin, mode:FULL, rate:25, size:38
2026-06-01 17:03:14, EXEC, v:1, k:fup@dindin, mode:FULL, rate:25
2026-06-01 17:03:22, EXEC, v:1, k:fup@dindin, mode:FULL, rate:25
2026-06-01 17:03:24, EXEC, v:1, k:fup@dindin, mode:FULL, rate:50, size:38
2026-06-01 17:04:21, EXEC, v:1, k:fup@dindin, mode:FULL, rate:50, size:39
2026-06-01 17:04:22, MOVE, v:1, k:fup@dindin, mode:BACK
2026-06-01 17:04:13, MOVE, v:1, k:fup@dindin, mode:EDIT
2026-06-01 17:04:20, MOVE, v:1, k:fup@dindin, mode:EDIT
2026-06-01 17:04:43, MOVE, v:1, k:fup@dindin, mode:PICK
2026-06-01 17:04:44, EXEC, v:1, k:fup@dindin, mode:FULL, rate:50
2026-06-01 17:05:33, EXEC, v:1, k:fup@dindin, mode:FULL, rate:37, size:39
2026-06-01 17:06:51, EXEC, v:1, k:fup@dindin, mode:FULL, rate:37, size:39
2026-06-01 17:06:53, EXEC, v:1, k:fup@dindin, mode:FULL, rate:37
2026-06-01 17:07:09, EXEC, v:1, k:fup@dindin, mode:FULL, rate:37
2026-06-01 17:08:01, EXEC, v:1, k:fup@dindin, mode:FULL, rate:12, size:39
2026-06-01 17:08:05, EXEC, v:1, k:fup@dindin, mode:FULL, rate:12
2026-06-01 17:08:43, EXEC, v:1, k:fup@dindin, mode:FULL, rate:12, size:39
2026-06-01 17:09:10, EXEC, v:1, k:fup@dindin, mode:FULL, rate:12, size:39
2026-06-01 17:09:12, EXEC, v:1, k:fup@dindin, mode:FULL, rate:12
2026-06-01 17:09:12, MOVE, v:1, k:fup@dindin, mode:EDIT
2026-06-01 17:09:10, MOVE, v:1, k:fup@dindin, mode:EDIT
2026-06-01 17:09:47, EXEC, v:1, k:fup@dindin, mode:FULL, rate:12
2026-06-01 17:10:21, EXEC, v:1, k:fup@dindin, mode:FULL, rate:12
2026-06-01 17:10:45, EXEC, v:1, k:fup@dindin, mode:FULL, rate:12, size:40
2026-06-01 17:10:47, EXEC, v:1, k:fup@dindin, mode:FULL, rate:12
2026-06-01 17:10:59, EXEC, v:1, k:fup@dindin, mode:FULL, rate:12, size:39
2026-06-01 17:11:10, EXEC, v:1, k:fup@dindin, mode:FULL, rate:12, size:39
2026-06-01 17:11:12, EXEC, v:1, k:fup@dindin, mode:FULL, rate:12
2026-06-01 17:11:43, EXEC, v:1, k:fup@dindin, mode:FULL, rate:12
2026-06-01 17:11:44, EXEC, v:1, k:fup@dindin, mode:FULL, rate:62, size:39
2026-06-01 17:12:20, EXEC, v:1, k:fup@dindin, mode:FULL, rate:62, size:39
2026-06-01 17:12:21, EXEC, v:1, k:fup@dindin, mode:FULL, rate:62
2026-06-01 17:13:44, EXEC, v:1, k:fup@dindin, mode:FULL, size:42, fail:COMP
2026-06-01 17:13:45, EXEC, v:1, k:fup@dindin, mode:FULL, rate:62, size:41
2026-06-01 17:13:47, EXEC, v:1, k:fup@dindin, mode:FULL, rate:62
2026-06-01 17:13:59, EXEC, v:1, k:fup@dindin, mode:FULL, rate:62, size:40
2026-06-01 17:13:59, MOVE, v:1, k:fup@dindin, mode:EDIT
2026-06-01 17:14:35, MOVE, v:1, k:fup@dindin, mode:EDIT
2026-06-01 17:14:53, EXEC, v:1, k:fup@dindin, mode:FULL, size:43, fail:COMP
2026-06-01 17:14:54, EXEC, v:1, k:fup@dindin, mode:FULL, rate:62, size:42
2026-06-01 17:15:08, EXEC, v:1, k:fup@dindin, mode:FULL, rate:62
2026-06-01 17:15:22, EXEC, v:1, k:fup@dindin, mode:FULL, rate:62
2026-06-01 17:16:20, EXEC, v:1, k:fup@dindin, mode:FULL, rate:62, size:40
2026-06-01 17:16:21, EXEC, v:1, k:fup@dindin, mode:FULL, rate:62
2026-06-01 17:17:09, EXEC, v:1, k:fup@dindin, mode:FULL, rate:62, size:40
2026-06-01 17:17:11, EXEC, v:1, k:fup@dindin, mode:FULL, rate:62
2026-06-01 17:17:33, EXEC, v:1, k:fup@dindin, mode:FULL, rate:62, size:40
2026-06-01 17:17:31, MOVE, v:1, k:fup@dindin, mode:EDIT
2026-06-01 17:17:33, MOVE, v:1, k:fup@dindin, mode:EDIT
2026-06-01 17:22:57, EXEC, v:1, k:fup@dindin, mode:FULL, rate:62
2026-06-01 17:22:57, MOVE, v:1, k:fup@dindin, mode:EDIT
2026-06-01 17:31:43, EXEC, v:1, k:fup@dindin, mode:FULL, rate:62, size:41
2026-06-01 17:31:45, EXEC, v:1, k:fup@dindin, mode:FULL, rate:62
2026-06-01 17:32:25, EXEC, v:1, k:fup@dindin, mode:FULL, rate:62, size:40
2026-06-01 17:32:09, MOVE, v:1, k:fup@dindin, mode:EDIT
2026-06-01 17:32:25, MOVE, v:1, k:fup@dindin, mode:EDIT
2026-06-01 17:35:32, EXEC, v:1, k:fup@dindin, mode:FULL, rate:62
2026-06-01 17:35:32, MOVE, v:1, k:fup@dindin, mode:EDIT
