2026-05-11 16:46:47, MOVE, v:1, k:fup@poco, mode:PICK
2026-05-11 16:46:58, EXEC, v:1, k:fup@poco, mode:FULL, rate:0
2026-05-11 16:46:58, MOVE, v:1, k:fup@poco, mode:EDIT
2026-05-11 16:46:58, MOVE, v:1, k:fup@poco, mode:EDIT
2026-05-11 16:52:00, EXEC, v:1, k:fup@poco, mode:FULL, rate:0, size:20
2026-05-11 16:52:32, EXEC, v:1, k:fup@poco, mode:FULL, rate:0, size:22
2026-05-11 16:52:44, EXEC, v:1, k:fup@poco, mode:FULL, rate:0, size:22
2026-05-11 16:55:53, MOVE, v:1, k:fup@poco, mode:EDIT
2026-05-11 16:52:43, MOVE, v:1, k:fup@poco, mode:EDIT
2026-05-11 16:55:55, EXEC, v:1, k:fup@poco, mode:FULL, rate:0, size:22
2026-05-11 16:56:07, MOVE, v:1, k:fup@poco, mode:PICK
2026-05-11 16:56:09, EXEC, v:1, k:fup@poco, mode:FULL, rate:0
2026-05-11 16:56:15, EXEC, v:1, k:fup@poco, mode:FULL, rate:0, size:22
2026-05-11 16:57:37, EXEC, v:1, k:fup@poco, mode:FULL, rate:0, size:24
2026-05-11 16:59:19, EXEC, v:1, k:fup@poco, mode:FULL, rate:0, size:25
2026-05-11 16:59:18, MOVE, v:1, k:fup@poco, mode:EDIT
2026-05-11 17:01:05, MOVE, v:1, k:fup@poco, mode:EDIT
2026-05-11 17:01:44, EXEC, v:1, k:fup@poco, mode:FULL, rate:0, size:24
2026-05-11 17:03:24, EXEC, v:1, k:fup@poco, mode:FULL, rate:0, size:23
2026-05-11 17:05:46, EXEC, v:1, k:fup@poco, mode:FULL, rate:0, size:23
2026-05-11 17:06:06, MOVE, v:1, k:fup@poco, mode:EDIT
2026-05-11 17:05:46, MOVE, v:1, k:fup@poco, mode:EDIT
2026-05-11 17:06:32, EXEC, v:1, k:fup@poco, mode:FULL, rate:0, size:24
2026-05-11 17:07:35, EXEC, v:1, k:fup@poco, mode:FULL, rate:0, size:24
2026-05-11 17:08:15, EXEC, v:1, k:fup@poco, mode:FULL, rate:0, size:24
2026-05-11 17:08:31, EXEC, v:1, k:fup@poco, mode:FULL, rate:0, size:24
2026-05-11 17:09:35, EXEC, v:1, k:fup@poco, mode:FULL, rate:0, size:24
2026-05-11 17:09:53, EXEC, v:1, k:fup@poco, mode:FULL, rate:16, size:24
2026-05-11 17:11:05, MOVE, v:1, k:fup@poco, mode:EDIT
2026-05-11 17:09:52, MOVE, v:1, k:fup@poco, mode:EDIT
2026-05-11 17:11:16, EXEC, v:1, k:fup@poco, mode:FULL, rate:16, size:24
2026-05-11 17:12:01, EXEC, v:1, k:fup@poco, mode:FULL, rate:0, size:24
2026-05-11 17:12:08, EXEC, v:1, k:fup@poco, mode:FULL, rate:0, size:24
2026-05-11 17:12:12, EXEC, v:1, k:fup@poco, mode:FULL, rate:16
2026-05-11 17:13:55, EXEC, v:1, k:fup@poco, mode:FULL, rate:16, size:24
2026-05-11 17:15:21, EXEC, v:1, k:fup@poco, mode:FULL, rate:16, size:24
2026-05-11 17:15:45, EXEC, v:1, k:fup@poco, mode:FULL, rate:16, size:22
2026-05-11 17:16:06, MOVE, v:1, k:fup@poco, mode:EDIT
2026-05-11 17:15:44, MOVE, v:1, k:fup@poco, mode:EDIT
2026-05-11 17:16:16, EXEC, v:1, k:fup@poco, mode:FULL, rate:16, size:24
2026-05-11 17:16:42, EXEC, v:1, k:fup@poco, mode:FULL, rate:16, size:26
2026-05-11 17:17:44, EXEC, v:1, k:fup@poco, mode:FULL, rate:0, size:25
2026-05-11 17:17:54, EXEC, v:1, k:fup@poco, mode:FULL, rate:0, size:25
2026-05-11 17:17:56, EXEC, v:1, k:fup@poco, mode:FULL, fail:COMP
2026-05-11 17:17:58, EXEC, v:1, k:fup@poco, mode:FULL, fail:COMP
2026-05-11 17:18:06, EXEC, v:1, k:fup@poco, mode:FULL, rate:0, size:25
2026-05-11 17:19:45, EXEC, v:1, k:fup@poco, mode:FULL, rate:0, size:26
2026-05-11 17:19:41, MOVE, v:1, k:fup@poco, mode:EDIT
2026-05-11 17:19:44, MOVE, v:1, k:fup@poco, mode:EDIT
2026-05-11 17:21:33, EXEC, v:1, k:fup@poco, mode:FULL, rate:0, size:26
2026-05-11 17:21:49, EXEC, v:1, k:fup@poco, mode:FULL, rate:16, size:26
2026-05-11 17:22:05, EXEC, v:1, k:fup@poco, mode:FULL, rate:16, size:27
2026-05-11 17:22:58, EXEC, v:1, k:fup@poco, mode:FULL, rate:16, size:28
2026-05-11 17:23:24, EXEC, v:1, k:fup@poco, mode:FULL, rate:0, size:28
2026-05-11 17:23:37, EXEC, v:1, k:fup@poco, mode:FULL, rate:0
2026-05-11 17:24:15, EXEC, v:1, k:fup@poco, mode:FULL, rate:50, size:27
2026-05-11 17:26:00, EXEC, v:1, k:fup@poco, mode:FULL, rate:16, size:31
2026-05-11 17:25:59, MOVE, v:1, k:fup@poco, mode:EDIT
2026-05-11 17:26:00, MOVE, v:1, k:fup@poco, mode:EDIT
2026-05-11 17:27:12, EXEC, v:1, k:fup@poco, mode:FULL, rate:16, size:31
2026-05-11 17:27:29, EXEC, v:1, k:fup@poco, mode:FULL, rate:16, size:30
2026-05-11 17:27:40, EXEC, v:1, k:fup@poco, mode:FULL, rate:50, size:30
2026-05-11 17:27:39, MOVE, v:1, k:fup@poco, mode:EDIT
2026-05-11 17:27:40, MOVE, v:1, k:fup@poco, mode:EDIT
2026-05-11 17:35:33, EXEC, v:1, k:fup@poco, mode:FULL, rate:50, size:30
2026-05-11 17:35:44, EXEC, v:1, k:fup@poco, mode:FULL, rate:66, size:30
2026-05-11 17:35:44, MOVE, v:1, k:fup@poco, mode:EDIT
2026-05-11 17:35:44, MOVE, v:1, k:fup@poco, mode:EDIT
2026-05-11 17:41:42, EXEC, v:1, k:fup@poco, mode:FULL, rate:0, size:30
2026-05-11 17:41:50, EXEC, v:1, k:fup@poco, mode:FULL, rate:50, size:30
2026-05-11 17:41:53, EXEC, v:1, k:fup@poco, mode:FULL, rate:50
2026-05-11 17:42:02, EXEC, v:1, k:fup@poco, mode:FULL, rate:50
2026-05-11 17:42:11, EXEC, v:1, k:fup@poco, mode:FULL, rate:50, size:30
2026-05-11 17:42:15, EXEC, v:1, k:fup@poco, mode:FULL, rate:66
2026-05-11 17:43:32, EXEC, v:1, k:fup@poco, mode:FULL, rate:50, size:30
2026-05-11 17:43:34, EXEC, v:1, k:fup@poco, mode:FULL, rate:50
2026-05-11 17:43:44, EXEC, v:1, k:fup@poco, mode:FULL, size:30, fail:COMP
2026-05-11 17:43:45, EXEC, v:1, k:fup@poco, mode:FULL, rate:66, size:30
2026-05-11 17:43:59, EXEC, v:1, k:fup@poco, mode:FULL, rate:66
2026-05-11 17:45:26, EXEC, v:1, k:fup@poco, mode:FULL, rate:16, size:31
2026-05-11 17:46:07, EXEC, v:1, k:fup@poco, mode:FULL, rate:0, size:30
2026-05-11 17:46:05, MOVE, v:1, k:fup@poco, mode:EDIT
2026-05-11 17:46:07, MOVE, v:1, k:fup@poco, mode:EDIT
2026-05-11 17:46:09, EXEC, v:1, k:fup@poco, mode:FULL, rate:0
2026-05-11 17:46:10, EXEC, v:1, k:fup@poco, mode:FULL, rate:0
2026-05-11 17:46:16, EXEC, v:1, k:fup@poco, mode:FULL, rate:0, size:30
2026-05-11 17:46:18, EXEC, v:1, k:fup@poco, mode:FULL, rate:0
2026-05-11 17:46:19, EXEC, v:1, k:fup@poco, mode:FULL, rate:0
2026-05-11 17:46:24, EXEC, v:1, k:fup@poco, mode:FULL, rate:0, size:31
2026-05-11 17:46:25, EXEC, v:1, k:fup@poco, mode:FULL, rate:16
2026-05-11 17:46:33, EXEC, v:1, k:fup@poco, mode:FULL, rate:16
2026-05-11 17:46:43, EXEC, v:1, k:fup@poco, mode:FULL, rate:50, size:30
2026-05-11 17:46:44, EXEC, v:1, k:fup@poco, mode:FULL, rate:50
2026-05-11 17:46:49, EXEC, v:1, k:fup@poco, mode:FULL, rate:66, size:30
2026-05-11 17:47:59, EXEC, v:1, k:fup@poco, mode:FULL, rate:33, size:31
2026-05-11 17:49:17, EXEC, v:1, k:fup@poco, mode:FULL, rate:33
2026-05-11 17:49:18, EXEC, v:1, k:fup@poco, mode:FULL, rate:33, size:31
2026-05-11 17:49:24, EXEC, v:1, k:fup@poco, mode:FULL, rate:33
2026-05-11 17:49:23, MOVE, v:1, k:fup@poco, mode:EDIT
2026-05-11 17:49:24, MOVE, v:1, k:fup@poco, mode:EDIT
2026-05-11 17:52:38, EXEC, v:1, k:fup@poco, mode:FULL, rate:33, size:30
2026-05-11 17:52:39, EXEC, v:1, k:fup@poco, mode:FULL, rate:33
2026-05-11 17:52:45, EXEC, v:1, k:fup@poco, mode:FULL, rate:66, size:30
2026-05-11 17:54:18, EXEC, v:1, k:fup@poco, mode:FULL, rate:50, size:30
2026-05-11 17:55:15, EXEC, v:1, k:fup@poco, mode:FULL, rate:66, size:30
2026-05-11 17:55:14, MOVE, v:1, k:fup@poco, mode:EDIT
2026-05-11 17:55:15, MOVE, v:1, k:fup@poco, mode:EDIT
2026-05-11 17:59:29, EXEC, v:1, k:fup@poco, mode:FULL, rate:16, size:29
2026-05-11 18:00:03, EXEC, v:1, k:fup@poco, mode:FULL, rate:33, size:31
2026-05-11 18:01:08, MOVE, v:1, k:fup@poco, mode:EDIT
2026-05-11 18:00:03, MOVE, v:1, k:fup@poco, mode:EDIT
2026-05-11 18:01:22, EXEC, v:1, k:fup@poco, mode:FULL, rate:16, size:31
2026-05-11 18:01:35, EXEC, v:1, k:fup@poco, mode:FULL, rate:33, size:32
2026-05-11 18:02:05, EXEC, v:1, k:fup@poco, mode:FULL, rate:33, size:31
2026-05-11 18:03:09, EXEC, v:1, k:fup@poco, mode:FULL, rate:33, size:31
2026-05-11 18:03:35, EXEC, v:1, k:fup@poco, mode:FULL, rate:33, size:31
2026-05-11 18:03:37, EXEC, v:1, k:fup@poco, mode:FULL, rate:33
2026-05-11 18:04:31, EXEC, v:1, k:fup@poco, mode:FULL, rate:33, size:31
2026-05-11 18:04:57, EXEC, v:1, k:fup@poco, mode:FULL, rate:33, size:31
2026-05-11 18:05:08, EXEC, v:1, k:fup@poco, mode:FULL, rate:33, size:31
2026-05-11 18:05:26, EXEC, v:1, k:fup@poco, mode:FULL, rate:33, size:31
2026-05-11 18:06:08, MOVE, v:1, k:fup@poco, mode:EDIT
2026-05-11 18:05:26, MOVE, v:1, k:fup@poco, mode:EDIT
2026-05-11 18:06:14, EXEC, v:1, k:fup@poco, mode:FULL, rate:33, size:38
2026-05-11 18:06:39, EXEC, v:1, k:fup@poco, mode:FULL, rate:33, size:38
2026-05-11 18:07:51, EXEC, v:1, k:fup@poco, mode:FULL, rate:33, size:38
2026-05-11 18:08:39, EXEC, v:1, k:fup@poco, mode:FULL, rate:33, size:38
2026-05-11 18:09:11, EXEC, v:1, k:fup@poco, mode:FULL, size:38, fail:COMP
2026-05-11 18:09:18, EXEC, v:1, k:fup@poco, mode:FULL, rate:33, size:38
2026-05-11 18:10:01, EXEC, v:1, k:fup@poco, mode:FULL, rate:66, size:34
2026-05-11 18:10:00, MOVE, v:1, k:fup@poco, mode:EDIT
2026-05-11 18:10:01, MOVE, v:1, k:fup@poco, mode:EDIT
2026-05-11 18:14:03, EXEC, v:1, k:fup@poco, mode:FULL, rate:33, size:34
2026-05-11 18:15:49, EXEC, v:1, k:fup@poco, mode:FULL, rate:33, size:35
2026-05-11 18:16:06, MOVE, v:1, k:fup@poco, mode:EDIT
2026-05-11 18:15:49, MOVE, v:1, k:fup@poco, mode:EDIT
2026-05-11 18:16:18, EXEC, v:1, k:fup@poco, mode:FULL, rate:33, size:36
2026-05-11 18:16:29, EXEC, v:1, k:fup@poco, mode:FULL, rate:50, size:36
2026-05-11 18:16:43, EXEC, v:1, k:fup@poco, mode:FULL, rate:50, size:36
2026-05-11 18:17:28, EXEC, v:1, k:fup@poco, mode:FULL, rate:50, size:36
2026-05-11 18:17:44, EXEC, v:1, k:fup@poco, mode:FULL, rate:50, size:36
2026-05-11 18:17:59, EXEC, v:1, k:fup@poco, mode:FULL, rate:33, size:36
2026-05-11 18:18:10, EXEC, v:1, k:fup@poco, mode:FULL, rate:50, size:36
2026-05-11 18:18:50, EXEC, v:1, k:fup@poco, mode:FULL, rate:66, size:35
2026-05-11 18:20:00, MOVE, v:1, k:fup@poco, mode:BACK
2026-05-11 18:20:23, MOVE, v:1, k:fup@poco, mode:PICK
2026-05-11 18:21:04, EXEC, v:1, k:fup@poco, mode:FULL, rate:66
2026-05-11 18:23:46, EXEC, v:1, k:fup@poco, mode:FULL, rate:66, size:30
2026-05-11 18:23:49, EXEC, v:1, k:fup@poco, mode:FULL, rate:66
2026-05-11 18:24:23, EXEC, v:1, k:fup@poco, mode:FULL, rate:66, size:30
2026-05-11 18:24:26, EXEC, v:1, k:fup@poco, mode:FULL, rate:33
2026-05-11 18:24:29, EXEC, v:1, k:fup@poco, mode:FULL, rate:33
2026-05-11 18:25:20, EXEC, v:1, k:fup@poco, mode:FULL, rate:33, size:30
2026-05-11 18:25:19, MOVE, v:1, k:fup@poco, mode:EDIT
2026-05-11 18:25:20, MOVE, v:1, k:fup@poco, mode:EDIT
2026-05-11 18:25:22, EXEC, v:1, k:fup@poco, mode:FULL, rate:33
2026-05-11 18:26:12, EXEC, v:1, k:fup@poco, mode:FULL, rate:66, size:36
2026-05-11 18:26:15, EXEC, v:1, k:fup@poco, mode:FULL, rate:66
2026-05-11 18:26:34, EXEC, v:1, k:fup@poco, mode:FULL, rate:33, size:36
2026-05-11 18:26:40, EXEC, v:1, k:fup@poco, mode:FULL, rate:50, size:36
2026-05-11 18:26:48, EXEC, v:1, k:fup@poco, mode:FULL, rate:66, size:36
2026-05-11 18:27:30, EXEC, v:1, k:fup@poco, mode:FULL, rate:33, size:36
2026-05-11 18:27:37, EXEC, v:1, k:fup@poco, mode:FULL, rate:50, size:36
2026-05-11 18:28:29, EXEC, v:1, k:fup@poco, mode:FULL, rate:0, size:38
2026-05-11 18:28:33, EXEC, v:1, k:fup@poco, mode:FULL, rate:0
2026-05-11 18:28:52, EXEC, v:1, k:fup@poco, mode:FULL, rate:66, size:36
2026-05-11 18:28:57, MOVE, v:1, k:fup@poco, mode:BACK
