2026-06-16 16:32:08, MOVE, v:1, k:fup@pmg, mode:DOWN
2026-06-16 16:32:09, MOVE, v:1, k:fup@pmg, mode:PICK
2026-06-16 16:32:17, EXEC, v:1, k:fup@pmg, mode:FULL, rate:0, size:5
2026-06-16 16:32:08, MOVE, v:1, k:fup@pmg, mode:EDIT
2026-06-16 16:32:08, MOVE, v:1, k:fup@pmg, mode:EDIT
2026-06-16 16:32:08, MOVE, v:1, k:fup@pmg, mode:EDIT
2026-06-16 16:32:17, MOVE, v:1, k:fup@pmg, mode:EDIT
2026-06-16 16:34:17, MOVE, v:1, k:fup@pmg, mode:EDIT
2026-06-16 16:38:47, EXEC, v:1, k:fup@pmg, mode:FULL, rate:0, size:13
2026-06-16 16:39:32, MOVE, v:1, k:fup@pmg, mode:EDIT
2026-06-16 16:38:47, MOVE, v:1, k:fup@pmg, mode:EDIT
2026-06-16 16:40:56, EXEC, v:1, k:fup@pmg, mode:FULL, rate:0, size:13
2026-06-16 16:45:05, MOVE, v:1, k:fup@pmg, mode:EDIT
2026-06-16 16:40:56, MOVE, v:1, k:fup@pmg, mode:EDIT
2026-06-16 16:47:59, EXEC, v:1, k:fup@pmg, mode:FULL, rate:0, size:19
2026-06-16 16:48:00, EXEC, v:1, k:fup@pmg, mode:FULL, rate:0
2026-06-16 16:48:09, EXEC, v:1, k:fup@pmg, mode:FULL, rate:0, size:18
2026-06-16 16:48:17, EXEC, v:1, k:fup@pmg, mode:FULL, rate:0, size:18
2026-06-16 16:48:16, MOVE, v:1, k:fup@pmg, mode:EDIT
2026-06-16 16:48:17, MOVE, v:1, k:fup@pmg, mode:EDIT
2026-06-16 16:51:39, EXEC, v:1, k:fup@pmg, mode:FULL, rate:0, size:21
2026-06-16 16:52:06, EXEC, v:1, k:fup@pmg, mode:FULL, size:18, fail:COMP
2026-06-16 16:52:07, EXEC, v:1, k:fup@pmg, mode:FULL, rate:0, size:18
2026-06-16 16:52:07, MOVE, v:1, k:fup@pmg, mode:EDIT
2026-06-16 16:52:07, MOVE, v:1, k:fup@pmg, mode:EDIT
2026-06-16 17:00:04, MOVE, v:1, k:fup@pmg, mode:EDIT
2026-06-16 17:01:44, MOVE, v:1, k:fup@pmg, mode:EDIT
2026-06-16 17:08:37, MOVE, v:1, k:fup@pmg, mode:EDIT
2026-06-16 17:22:48, EXEC, v:1, k:fup@pmg, mode:FULL, rate:0, size:27
2026-06-16 17:23:06, EXEC, v:1, k:fup@pmg, mode:FULL, rate:0, size:27
2026-06-16 17:23:31, EXEC, v:1, k:fup@pmg, mode:FULL, rate:0, size:28
2026-06-16 17:25:13, MOVE, v:1, k:fup@pmg, mode:EDIT
2026-06-16 17:23:31, MOVE, v:1, k:fup@pmg, mode:EDIT
2026-06-16 17:26:11, EXEC, v:1, k:fup@pmg, mode:FULL, rate:0, size:31
2026-06-16 17:29:28, EXEC, v:1, k:fup@pmg, mode:FULL, rate:0
2026-06-16 17:29:50, EXEC, v:1, k:fup@pmg, mode:FULL, size:32, fail:COMP
2026-06-16 17:29:51, EXEC, v:1, k:fup@pmg, mode:FULL, fail:COMP
2026-06-16 17:30:12, MOVE, v:1, k:fup@pmg, mode:EDIT
2026-06-16 17:29:28, MOVE, v:1, k:fup@pmg, mode:EDIT
2026-06-16 17:30:57, EXEC, v:1, k:fup@pmg, mode:FULL, fail:COMP
2026-06-16 17:30:59, EXEC, v:1, k:fup@pmg, mode:FULL, fail:COMP
2026-06-16 17:31:00, EXEC, v:1, k:fup@pmg, mode:FULL, fail:COMP
2026-06-16 17:31:00, EXEC, v:1, k:fup@pmg, mode:FULL, fail:COMP
2026-06-16 17:31:01, EXEC, v:1, k:fup@pmg, mode:FULL, fail:COMP
2026-06-16 17:31:06, EXEC, v:1, k:fup@pmg, mode:FULL, fail:COMP
2026-06-16 17:31:07, EXEC, v:1, k:fup@pmg, mode:FULL, rate:0, size:31
2026-06-16 17:31:28, EXEC, v:1, k:fup@pmg, mode:FULL, rate:0, size:31
2026-06-16 17:31:39, EXEC, v:1, k:fup@pmg, mode:FULL, rate:0, size:31
2026-06-16 17:32:03, EXEC, v:1, k:fup@pmg, mode:FULL, rate:0, size:31
2026-06-16 17:32:05, EXEC, v:1, k:fup@pmg, mode:FULL, rate:0
2026-06-16 17:32:13, EXEC, v:1, k:fup@pmg, mode:FULL, rate:0, size:31
2026-06-16 17:32:13, MOVE, v:1, k:fup@pmg, mode:EDIT
2026-06-16 17:32:13, MOVE, v:1, k:fup@pmg, mode:EDIT
2026-06-16 17:40:40, MOVE, v:1, k:fup@pmg, mode:BACK
2026-06-16 17:53:57, MOVE, v:1, k:fup@pmg, mode:PICK
2026-06-16 17:53:58, EXEC, v:1, k:fup@pmg, mode:FULL, rate:0, size:31
2026-06-16 17:56:56, EXEC, v:1, k:fup@pmg, mode:FULL, rate:0, size:31
2026-06-16 17:56:57, EXEC, v:1, k:fup@pmg, mode:FULL, rate:0
2026-06-16 17:56:57, MOVE, v:1, k:fup@pmg, mode:EDIT
2026-06-16 17:56:52, MOVE, v:1, k:fup@pmg, mode:EDIT
2026-06-16 17:57:28, EXEC, v:1, k:fup@pmg, mode:FULL, rate:0, size:31
2026-06-16 17:57:07, MOVE, v:1, k:fup@pmg, mode:EDIT
2026-06-16 17:57:28, MOVE, v:1, k:fup@pmg, mode:EDIT
2026-06-16 18:04:38, MOVE, v:1, k:fup@pmg, mode:BACK
