2026-05-18 16:09:23, MOVE, v:1, k:fup@repetidos, mode:DOWN
2026-05-18 16:09:24, MOVE, v:1, k:fup@repetidos, mode:PICK
2026-05-18 16:12:12, MOVE, v:1, k:fup@repetidos, mode:BACK
2026-05-18 16:12:17, MOVE, v:1, k:fup@apertada, mode:PICK
2026-05-18 16:12:23, MOVE, v:1, k:fup@apertada, mode:BACK
2026-05-18 16:12:28, MOVE, v:1, k:fup@repetidos, mode:PICK
2026-05-18 16:12:28, EXEC, v:1, k:fup@repetidos, mode:FULL, size:9, fail:COMP
2026-05-18 16:13:26, MOVE, v:1, k:fup@repetidos, mode:BACK
2026-05-18 16:13:28, MOVE, v:1, k:fup@repetidos, mode:PICK
2026-05-18 16:09:23, MOVE, v:1, k:fup@repetidos, mode:EDIT
2026-05-18 16:09:23, MOVE, v:1, k:fup@repetidos, mode:EDIT
2026-05-18 16:13:47, MOVE, v:1, k:fup@repetidos, mode:EDIT
2026-05-18 16:17:58, EXEC, v:1, k:fup@repetidos, mode:FULL, rate:33, size:16
2026-05-18 16:18:44, MOVE, v:1, k:fup@repetidos, mode:EDIT
2026-05-18 16:17:58, MOVE, v:1, k:fup@repetidos, mode:EDIT
2026-05-18 16:19:20, EXEC, v:1, k:fup@repetidos, mode:FULL, rate:0, size:16
2026-05-18 16:19:45, EXEC, v:1, k:fup@repetidos, mode:FULL, rate:33, size:17
2026-05-18 16:19:47, EXEC, v:1, k:fup@repetidos, mode:FULL, rate:33
2026-05-18 16:19:58, EXEC, v:1, k:fup@repetidos, mode:FULL, rate:33, size:17
2026-05-18 16:20:27, MOVE, v:1, k:fup@repetidos, mode:BACK
2026-05-18 16:47:43, MOVE, v:1, k:fup@patas, mode:PICK
2026-05-18 16:48:42, MOVE, v:1, k:fup@patas, mode:BACK
2026-05-18 16:48:46, MOVE, v:1, k:fup@dindin, mode:DOWN
2026-05-18 16:48:47, MOVE, v:1, k:fup@dindin, mode:PICK
2026-05-18 16:49:32, MOVE, v:1, k:fup@dindin, mode:BACK
2026-05-18 16:49:42, MOVE, v:1, k:fup@spok, mode:PICK
2026-05-18 16:49:45, EXEC, v:1, k:fup@spok, mode:FULL, rate:0
2026-05-18 16:48:15, MOVE, v:1, k:fup@patas, mode:EDIT
2026-05-18 16:48:46, MOVE, v:1, k:fup@dindin, mode:EDIT
2026-05-18 16:48:46, MOVE, v:1, k:fup@dindin, mode:EDIT
2026-05-18 16:48:46, MOVE, v:1, k:fup@dindin, mode:EDIT
2026-05-18 16:49:44, MOVE, v:1, k:fup@spok, mode:EDIT
2026-05-18 16:53:32, MOVE, v:1, k:fup@spok, mode:BACK
2026-05-18 16:56:32, MOVE, v:1, k:fup@apertada, mode:PICK
2026-05-18 16:56:44, EXEC, v:1, k:fup@apertada, mode:FULL, rate:100, size:15
2026-05-18 16:56:44, MOVE, v:1, k:fup@apertada, mode:EDIT
2026-05-18 17:03:08, MOVE, v:1, k:fup@apertada, mode:BACK
2026-05-18 17:03:16, MOVE, v:1, k:fup@dieta, mode:PICK
2026-05-18 17:08:31, MOVE, v:1, k:fup@dieta, mode:BACK
2026-05-18 17:08:41, MOVE, v:1, k:fup@patas, mode:PICK
2026-05-18 17:09:03, MOVE, v:1, k:fup@patas, mode:BACK
2026-05-18 17:09:05, MOVE, v:1, k:fup@patas, mode:PICK
2026-05-18 17:09:03, MOVE, v:1, k:fup@patas, mode:EDIT
2026-05-18 17:13:33, MOVE, v:1, k:fup@patas, mode:EDIT
2026-05-18 17:15:42, EXEC, v:1, k:fup@patas, mode:FULL, rate:0, size:14
2026-05-18 17:15:40, MOVE, v:1, k:fup@patas, mode:EDIT
2026-05-18 17:15:41, MOVE, v:1, k:fup@patas, mode:EDIT
2026-05-18 17:20:26, MOVE, v:1, k:fup@patas, mode:BACK
