2026-06-09 16:41:47, MOVE, v:1, k:fup@mediana, mode:PICK
2026-06-09 16:41:54, EXEC, v:1, k:fup@mediana, mode:FULL, rate:0, size:22
2026-06-09 16:41:54, EXEC, v:1, k:fup@mediana, mode:FULL, rate:0, size:22
2026-06-09 16:43:08, MOVE, v:1, k:fup@mediana, mode:BACK
2026-06-09 16:43:22, MOVE, v:1, k:fup@vacina, mode:DOWN
2026-06-09 16:43:23, MOVE, v:1, k:fup@vacina, mode:PICK
2026-06-09 16:43:24, EXEC, v:1, k:fup@vacina, mode:FULL, rate:0, size:5
2026-06-09 16:45:37, MOVE, v:1, k:fup@vacina, mode:BACK
2026-06-09 16:46:02, MOVE, v:1, k:fup@avesso, mode:DOWN
2026-06-09 16:46:03, MOVE, v:1, k:fup@avesso, mode:PICK
2026-06-09 16:46:04, EXEC, v:1, k:fup@avesso, mode:FULL, rate:0, size:5
2026-06-09 16:41:54, MOVE, v:1, k:fup@mediana, mode:EDIT
2026-06-09 16:43:22, MOVE, v:1, k:fup@vacina, mode:EDIT
2026-06-09 16:43:22, MOVE, v:1, k:fup@vacina, mode:EDIT
2026-06-09 16:43:22, MOVE, v:1, k:fup@vacina, mode:EDIT
2026-06-09 16:43:24, MOVE, v:1, k:fup@vacina, mode:EDIT
2026-06-09 16:46:02, MOVE, v:1, k:fup@avesso, mode:EDIT
2026-06-09 16:46:02, MOVE, v:1, k:fup@avesso, mode:EDIT
2026-06-09 16:46:02, MOVE, v:1, k:fup@avesso, mode:EDIT
2026-06-09 16:46:02, MOVE, v:1, k:fup@avesso, mode:EDIT
2026-06-09 16:46:04, MOVE, v:1, k:fup@avesso, mode:EDIT
2026-06-09 16:50:17, MOVE, v:1, k:fup@avesso, mode:BACK
2026-06-09 16:50:40, MOVE, v:1, k:fup@tazos, mode:PICK
2026-06-09 16:51:06, MOVE, v:1, k:fup@tazos, mode:BACK
2026-06-09 16:51:27, MOVE, v:1, k:fup@revolta, mode:PICK
2026-06-09 16:51:28, EXEC, v:1, k:fup@revolta, mode:FULL, rate:100, size:27
2026-06-09 16:52:02, MOVE, v:1, k:fup@revolta, mode:BACK
2026-06-09 16:52:24, MOVE, v:1, k:fup@fila, mode:PICK
2026-06-09 16:52:24, EXEC, v:1, k:fup@fila, mode:FULL, size:0, fail:COMP
2026-06-09 16:52:58, MOVE, v:1, k:fup@fila, mode:BACK
2026-06-09 16:53:02, MOVE, v:1, k:fup@troco, mode:DOWN
2026-06-09 16:53:03, MOVE, v:1, k:fup@troco, mode:PICK
2026-06-09 16:53:03, EXEC, v:1, k:fup@troco, mode:FULL, rate:0, size:5
2026-06-09 16:55:18, MOVE, v:1, k:fup@troco, mode:BACK
2026-06-09 16:55:29, MOVE, v:1, k:fup@fila, mode:PICK
2026-06-09 16:55:30, EXEC, v:1, k:fup@fila, mode:FULL, rate:0, size:6
2026-06-09 16:51:26, MOVE, v:1, k:fup@tazos, mode:EDIT
2026-06-09 16:51:28, MOVE, v:1, k:fup@revolta, mode:EDIT
2026-06-09 16:56:13, MOVE, v:1, k:fup@fila, mode:EDIT
2026-06-09 16:54:14, MOVE, v:1, k:fup@troco, mode:EDIT
2026-06-09 16:53:01, MOVE, v:1, k:fup@troco, mode:EDIT
2026-06-09 16:53:02, MOVE, v:1, k:fup@troco, mode:EDIT
2026-06-09 16:53:03, MOVE, v:1, k:fup@troco, mode:EDIT
2026-06-09 16:55:30, MOVE, v:1, k:fup@fila, mode:EDIT
2026-06-09 16:58:38, MOVE, v:1, k:fup@fila, mode:EDIT
2026-06-09 17:02:47, EXEC, v:1, k:fup@fila, mode:FULL, rate:0, size:21
2026-06-09 17:03:29, EXEC, v:1, k:fup@fila, mode:FULL, rate:0, size:21
2026-06-09 17:04:17, EXEC, v:1, k:fup@fila, mode:FULL, rate:0, size:21
2026-06-09 17:04:18, EXEC, v:1, k:fup@fila, mode:FULL, rate:0
2026-06-09 17:04:42, EXEC, v:1, k:fup@fila, mode:FULL, rate:0, size:21
2026-06-09 17:05:11, EXEC, v:1, k:fup@fila, mode:FULL, rate:0, size:21
2026-06-09 17:05:18, EXEC, v:1, k:fup@fila, mode:FULL, rate:0, size:22
2026-06-09 17:05:47, MOVE, v:1, k:fup@troco, mode:PICK
2026-06-09 17:05:48, EXEC, v:1, k:fup@troco, mode:FULL, rate:0
2026-06-09 17:05:48, MOVE, v:1, k:fup@troco, mode:EDIT
2026-06-09 17:09:03, MOVE, v:1, k:fup@troco, mode:EDIT
2026-06-09 17:15:18, MOVE, v:1, k:fup@troco, mode:EDIT
2026-06-09 17:19:45, MOVE, v:1, k:fup@troco, mode:EDIT
2026-06-09 17:25:24, MOVE, v:1, k:fup@troco, mode:EDIT
2026-06-09 17:30:02, MOVE, v:1, k:fup@troco, mode:EDIT
2026-06-09 17:33:25, MOVE, v:1, k:fup@troco, mode:EDIT
2026-06-09 17:40:25, MOVE, v:1, k:fup@troco, mode:EDIT
2026-06-09 17:44:33, MOVE, v:1, k:fup@troco, mode:EDIT
2026-06-09 17:47:52, EXEC, v:1, k:fup@troco, mode:FULL, rate:40, size:37
2026-06-09 17:48:00, EXEC, v:1, k:fup@troco, mode:FULL, rate:40, size:37
2026-06-09 17:48:22, EXEC, v:1, k:fup@troco, mode:FULL, rate:40, size:37
2026-06-09 17:48:38, EXEC, v:1, k:fup@troco, mode:FULL, rate:40, size:37
2026-06-09 17:48:47, EXEC, v:1, k:fup@troco, mode:FULL, rate:40, size:37
2026-06-09 17:48:48, EXEC, v:1, k:fup@troco, mode:FULL, rate:40
2026-06-09 17:48:49, EXEC, v:1, k:fup@troco, mode:FULL, rate:40
2026-06-09 17:50:06, EXEC, v:1, k:fup@troco, mode:FULL, rate:40, size:36
2026-06-09 17:49:50, MOVE, v:1, k:fup@troco, mode:EDIT
2026-06-09 17:50:06, MOVE, v:1, k:fup@troco, mode:EDIT
2026-06-09 17:53:21, EXEC, v:1, k:fup@troco, mode:FULL, rate:100, size:37
2026-06-09 17:53:44, MOVE, v:1, k:fup@troco, mode:BACK
2026-06-09 17:54:05, SELF, v:1, k:fup@troco, self:1, rate:100, study:50, friend:Hanna
2026-06-09 17:54:20, MOVE, v:1, k:fup@parkour, mode:PICK
2026-06-09 17:54:21, EXEC, v:1, k:fup@parkour, mode:FULL, rate:0, size:5
2026-06-09 17:55:50, MOVE, v:1, k:fup@parkour, mode:BACK
2026-06-09 17:56:27, MOVE, v:1, k:fup@parkour, mode:PICK
2026-06-09 17:56:28, EXEC, v:1, k:fup@parkour, mode:FULL, rate:0
2026-06-09 17:56:44, MOVE, v:1, k:fup@parkour, mode:BACK
