2026-07-06 11:50:01, MOVE, v:1, k:fup@pizza, mode:PICK
2026-07-06 11:50:04, EXEC, v:1, k:fup@pizza, mode:FULL, rate:0
2026-07-06 11:50:04, MOVE, v:1, k:fup@pizza, mode:EDIT
2026-07-06 11:54:32, MOVE, v:1, k:fup@pizza, mode:EDIT
2026-07-06 11:58:51, EXEC, v:1, k:fup@pizza, mode:FULL, rate:75, size:28
2026-07-06 11:58:54, EXEC, v:1, k:fup@pizza, mode:FULL, rate:75
2026-07-06 11:59:10, MOVE, v:1, k:fup@pizza, mode:PICK
2026-07-06 11:59:10, EXEC, v:1, k:fup@pizza, mode:FULL, rate:75
2026-07-06 11:59:42, EXEC, v:1, k:fup@pizza, mode:FULL, rate:75
2026-07-06 12:01:53, EXEC, v:1, k:fup@pizza, mode:FULL, rate:100, size:28
2026-07-06 12:02:02, MOVE, v:1, k:fup@pizza, mode:BACK
2026-07-06 12:02:27, SELF, v:1, k:fup@pizza, self:1, rate:100, study:14, concept:1, refactor:1
2026-07-06 12:02:53, MOVE, v:1, k:fup@estudante, mode:DOWN
2026-07-06 12:02:55, MOVE, v:1, k:fup@estudante, mode:PICK
2026-07-06 12:02:56, EXEC, v:1, k:fup@estudante, mode:FULL, rate:0, size:5
2026-07-06 12:04:40, MOVE, v:1, k:fup@estudante, mode:BACK
2026-07-06 12:05:03, MOVE, v:1, k:fup@pedra, mode:PICK
2026-07-06 12:05:04, EXEC, v:1, k:fup@pedra, mode:FULL, rate:0, size:5
2026-07-06 12:02:53, MOVE, v:1, k:fup@estudante, mode:EDIT
2026-07-06 12:02:56, MOVE, v:1, k:fup@estudante, mode:EDIT
2026-07-06 12:05:04, MOVE, v:1, k:fup@pedra, mode:EDIT
2026-07-06 12:08:22, MOVE, v:1, k:fup@pedra, mode:BACK
2026-07-06 12:10:05, MOVE, v:1, k:fup@sopa, mode:PICK
2026-07-06 12:10:06, EXEC, v:1, k:fup@sopa, mode:FULL, rate:0, size:9
2026-07-06 12:10:05, MOVE, v:1, k:fup@sopa, mode:EDIT
2026-07-06 12:12:05, MOVE, v:1, k:fup@pizza, mode:EDIT
2026-07-06 12:14:38, MOVE, v:1, k:fup@pizza, mode:EDIT
2026-07-06 12:17:07, MOVE, v:1, k:fup@sopa, mode:EDIT
2026-07-06 12:18:27, EXEC, v:1, k:fup@sopa, mode:FULL, rate:10, size:20
2026-07-06 12:18:29, EXEC, v:1, k:fup@sopa, mode:FULL, rate:10
2026-07-06 12:18:40, EXEC, v:1, k:fup@sopa, mode:FULL, rate:10, size:20
2026-07-06 12:18:50, EXEC, v:1, k:fup@sopa, mode:FULL, rate:10, size:20
2026-07-06 12:19:01, EXEC, v:1, k:fup@sopa, mode:FULL, rate:10, size:20
2026-07-06 12:19:27, EXEC, v:1, k:fup@sopa, mode:FULL, rate:10, size:20
2026-07-06 12:20:01, EXEC, v:1, k:fup@sopa, mode:FULL, rate:10, size:20
2026-07-06 12:21:08, EXEC, v:1, k:fup@sopa, mode:FULL, rate:10, size:20
2026-07-06 12:21:09, EXEC, v:1, k:fup@sopa, mode:FULL, rate:10
2026-07-06 12:21:35, EXEC, v:1, k:fup@sopa, mode:FULL, rate:10, size:20
2026-07-06 12:21:52, EXEC, v:1, k:fup@sopa, mode:FULL, rate:10, size:20
2026-07-06 12:21:49, MOVE, v:1, k:fup@sopa, mode:EDIT
2026-07-06 12:21:51, MOVE, v:1, k:fup@sopa, mode:EDIT
2026-07-06 12:22:36, EXEC, v:1, k:fup@sopa, mode:FULL, rate:20, size:20
2026-07-06 12:22:50, EXEC, v:1, k:fup@sopa, mode:FULL, rate:20
2026-07-06 12:22:51, EXEC, v:1, k:fup@sopa, mode:FULL, rate:10, size:20
2026-07-06 12:22:57, EXEC, v:1, k:fup@sopa, mode:FULL, rate:10, size:20
2026-07-06 12:22:58, EXEC, v:1, k:fup@sopa, mode:FULL, rate:10
2026-07-06 12:23:04, EXEC, v:1, k:fup@sopa, mode:FULL, rate:20, size:20
2026-07-06 12:23:12, EXEC, v:1, k:fup@sopa, mode:FULL, rate:20, size:20
2026-07-06 12:23:14, EXEC, v:1, k:fup@sopa, mode:FULL, rate:20
2026-07-06 12:23:22, EXEC, v:1, k:fup@sopa, mode:FULL, rate:20, size:20
2026-07-06 12:25:07, EXEC, v:1, k:fup@sopa, mode:FULL, rate:100, size:17
2026-07-06 12:25:10, EXEC, v:1, k:fup@sopa, mode:FULL, rate:100
2026-07-06 12:27:16, MOVE, v:1, k:fup@sopa, mode:EDIT
2026-07-06 12:25:10, MOVE, v:1, k:fup@sopa, mode:EDIT
2026-07-06 12:29:22, MOVE, v:1, k:fup@sopa, mode:BACK
2026-07-06 12:29:39, SELF, v:1, k:fup@sopa, self:1, rate:100, study:15, concept:1
2026-07-06 12:30:23, MOVE, v:1, k:fup@idosa, mode:DOWN
2026-07-06 12:30:24, MOVE, v:1, k:fup@idosa, mode:PICK
2026-07-06 12:30:26, EXEC, v:1, k:fup@idosa, mode:FULL, rate:0, size:5
2026-07-06 12:30:35, MOVE, v:1, k:fup@idosa, mode:BACK
2026-07-06 12:30:38, MOVE, v:1, k:fup@pizza, mode:PICK
2026-07-06 12:30:39, EXEC, v:1, k:fup@pizza, mode:FULL, rate:100, size:28
2026-07-06 12:30:45, MOVE, v:1, k:fup@pizza, mode:BACK
2026-07-06 12:30:49, MOVE, v:1, k:fup@idosa, mode:PICK
2026-07-06 12:30:50, EXEC, v:1, k:fup@idosa, mode:FULL, rate:0
2026-07-06 12:34:45, EXEC, v:1, k:fup@idosa, mode:FULL, rate:0, size:18
2026-07-06 12:30:23, MOVE, v:1, k:fup@idosa, mode:EDIT
2026-07-06 12:34:44, MOVE, v:1, k:fup@idosa, mode:EDIT
2026-07-06 12:34:45, MOVE, v:1, k:fup@idosa, mode:EDIT
2026-07-06 12:30:39, MOVE, v:1, k:fup@pizza, mode:EDIT
2026-07-06 12:39:43, MOVE, v:1, k:fup@idosa, mode:EDIT
2026-07-06 12:43:41, EXEC, v:1, k:fup@idosa, mode:FULL, rate:77, size:32
2026-07-06 12:43:59, EXEC, v:1, k:fup@idosa, mode:FULL, rate:77, size:32
2026-07-06 12:43:58, MOVE, v:1, k:fup@idosa, mode:EDIT
2026-07-06 12:43:59, MOVE, v:1, k:fup@idosa, mode:EDIT
2026-07-06 12:46:24, EXEC, v:1, k:fup@idosa, mode:FULL, rate:0, size:34
2026-07-06 12:46:26, EXEC, v:1, k:fup@idosa, mode:FULL, rate:0
2026-07-06 12:46:29, EXEC, v:1, k:fup@idosa, mode:FULL, rate:0
2026-07-06 12:46:30, EXEC, v:1, k:fup@idosa, mode:FULL, rate:0
2026-07-06 12:46:51, EXEC, v:1, k:fup@idosa, mode:FULL, rate:77, size:34
2026-07-06 12:46:53, EXEC, v:1, k:fup@idosa, mode:FULL, rate:77
2026-07-06 12:48:02, EXEC, v:1, k:fup@idosa, mode:FULL, rate:100, size:34
2026-07-06 12:49:51, MOVE, v:1, k:fup@idosa, mode:EDIT
2026-07-06 12:48:02, MOVE, v:1, k:fup@idosa, mode:EDIT
2026-07-06 12:52:02, MOVE, v:1, k:fup@idosa, mode:BACK
2026-07-06 12:52:20, SELF, v:1, k:fup@idosa, self:1, rate:100, study:21, concept:1
2026-07-06 12:58:42, MOVE, v:1, k:fup@traficantes, mode:PICK
2026-07-06 12:58:43, EXEC, v:1, k:fup@traficantes, mode:FULL, rate:0, size:5
2026-07-06 12:58:53, MOVE, v:1, k:fup@traficantes, mode:BACK
2026-07-06 12:59:02, MOVE, v:1, k:fup@calipso, mode:DOWN
2026-07-06 12:59:02, MOVE, v:1, k:fup@calipso, mode:PICK
2026-07-06 12:59:03, EXEC, v:1, k:fup@calipso, mode:FULL, rate:0, size:5
2026-07-06 13:01:08, MOVE, v:1, k:fup@calipso, mode:BACK
2026-07-06 13:01:14, MOVE, v:1, k:fup@identificando, mode:PICK
2026-07-06 13:01:15, EXEC, v:1, k:fup@identificando, mode:FULL, size:15, fail:COMP
2026-07-06 12:58:43, MOVE, v:1, k:fup@traficantes, mode:EDIT
2026-07-06 12:59:02, MOVE, v:1, k:fup@calipso, mode:EDIT
2026-07-06 12:59:03, MOVE, v:1, k:fup@calipso, mode:EDIT
2026-07-06 13:02:18, MOVE, v:1, k:fup@identificando, mode:BACK
2026-07-06 13:02:47, MOVE, v:1, k:fup@alcaparras, mode:DOWN
2026-07-06 13:02:48, MOVE, v:1, k:fup@alcaparras, mode:PICK
2026-07-06 13:02:49, EXEC, v:1, k:fup@alcaparras, mode:FULL, rate:0, size:5
2026-07-06 13:02:47, MOVE, v:1, k:fup@alcaparras, mode:EDIT
2026-07-06 13:02:49, MOVE, v:1, k:fup@alcaparras, mode:EDIT
2026-07-06 13:07:07, MOVE, v:1, k:fup@alcaparras, mode:EDIT
2026-07-06 13:07:12, EXEC, v:1, k:fup@alcaparras, mode:FULL, rate:100, size:23
2026-07-06 13:07:13, EXEC, v:1, k:fup@alcaparras, mode:FULL, rate:100
2026-07-06 13:09:13, MOVE, v:1, k:fup@alcaparras, mode:BACK
2026-07-06 13:09:29, SELF, v:1, k:fup@alcaparras, self:1, rate:100, study:6, concept:1
2026-07-06 13:09:49, MOVE, v:1, k:fup@valdiskley, mode:DOWN
2026-07-06 13:09:49, MOVE, v:1, k:fup@valdiskley, mode:PICK
2026-07-06 13:11:19, EXEC, v:1, k:fup@valdiskley, mode:FULL, rate:0, size:10
2026-07-06 13:09:49, MOVE, v:1, k:fup@valdiskley, mode:EDIT
2026-07-06 13:14:17, MOVE, v:1, k:fup@valdiskley, mode:EDIT
2026-07-06 13:11:19, MOVE, v:1, k:fup@valdiskley, mode:EDIT
2026-07-06 13:14:45, EXEC, v:1, k:fup@valdiskley, mode:FULL, rate:80, size:16
2026-07-06 13:15:01, EXEC, v:1, k:fup@valdiskley, mode:FULL, rate:100, size:16
2026-07-06 13:15:08, MOVE, v:1, k:fup@valdiskley, mode:BACK
2026-07-06 13:15:21, SELF, v:1, k:fup@valdiskley, self:1, rate:100, study:5, concept:1
2026-07-06 13:16:00, MOVE, v:1, k:fup@numeros, mode:PICK
2026-07-06 13:16:01, EXEC, v:1, k:fup@numeros, mode:FULL, size:11, fail:COMP
2026-07-06 13:16:59, MOVE, v:1, k:fup@numeros, mode:BACK
2026-07-06 13:18:17, MOVE, v:1, k:fup@antimateria, mode:DOWN
2026-07-06 13:18:17, MOVE, v:1, k:fup@antimateria, mode:PICK
2026-07-06 13:18:18, EXEC, v:1, k:fup@antimateria, mode:FULL, rate:0, size:5
2026-07-06 13:18:17, MOVE, v:1, k:fup@antimateria, mode:EDIT
2026-07-06 13:18:18, MOVE, v:1, k:fup@antimateria, mode:EDIT
2026-07-06 13:25:02, MOVE, v:1, k:fup@antimateria, mode:EDIT
2026-07-06 13:28:30, EXEC, v:1, k:fup@antimateria, mode:FULL, rate:0, size:20
2026-07-06 13:28:31, EXEC, v:1, k:fup@antimateria, mode:FULL, rate:0
2026-07-06 13:28:55, EXEC, v:1, k:fup@antimateria, mode:FULL, rate:100, size:20
2026-07-06 13:30:07, MOVE, v:1, k:fup@antimateria, mode:EDIT
2026-07-06 13:28:55, MOVE, v:1, k:fup@antimateria, mode:EDIT
2026-07-06 13:34:25, MOVE, v:1, k:fup@antimateria, mode:BACK
2026-07-06 13:34:44, SELF, v:1, k:fup@antimateria, self:1, rate:100, study:20, concept:1
